*****************************************************
TMS340 COFF Linker           Version 6.10
*****************************************************
Sat Apr 10 02:21:26 2021

OUTPUT FILE NAME:   <NARCT.REL>
ENTRY POINT SYMBOL: 0


MEMORY CONFIGURATION

           name      origin     length     attributes     fill
         --------   --------   ---------   ----------   --------
         SCRATCH    01000000   000100000      RWIX      
         ROM        ffc00000   00033f000      RWIX      
         ROM2       fff4f000   000001000      RWIX      
         ROM3       fff50000   000010000      RWIX      
         TRAP31     fffffc00   000000400      RWIX      


SECTION ALLOCATION MAP

 output                                  attributes/
section   page    origin      length       input sections
--------  ----  ----------  ----------   ----------------
VECTORS    0    fffffc00    00000000     UNINITIALIZED

POWERON    0    fff4f000    00000000     UNINITIALIZED

DISPTEXT   0    fff50000    00000000     UNINITIALIZED

FIXED      0    01000000    00000000     UNINITIALIZED

OFIXED     0    01000000    00000000     UNINITIALIZED

NFIXED     0    01000000    00000000     UNINITIALIZED

.BSS       0    01000000    00000000     UNINITIALIZED

.bss       0    01000000    00006740     UNINITIALIZED
                  01000000    00000020     NARCGANG.OBJ (.bss)
                  01000020    00000010     NARCHYPO.OBJ (.bss)
                  01000030    00000030     NARCHOOK.OBJ (.bss)
                  01000060    00000030     NARCBUG.OBJ (.bss)
                  01000090    000001d0     NARCMBIG.OBJ (.bss)
                  01000260    000064a0     NARCMUGS.OBJ (.bss)
                  01006700    00000020     NARCRAMB.OBJ (.bss)
                  01006720    00000020     NARCHEAD.OBJ (.bss)

SYSWORK    0    01006740    00000000     UNINITIALIZED

.text      0    ffc00000    000a6580     
                  ffc00000    0000ef90     NARCPIMP.OBJ (.text)
                  ffc0ef90    0000d480     NARCGANG.OBJ (.text)
                  ffc1c410    0000d110     NARCHYPO.OBJ (.text)
                  ffc29520    00004f30     NARCNDLE.OBJ (.text)
                  ffc2e450    00006520     NARCHOOK.OBJ (.text)
                  ffc34970    00003ff0     NARCDYNA.OBJ (.text)
                  ffc38960    00009190     NARCBUG.OBJ (.text)
                  ffc41af0    00010b90     NARCMBIG.OBJ (.text)
                  ffc52680    00008f90     NARCUTIL.OBJ (.text)
                  ffc5b610    00000b00     NARCMATH.OBJ (.text)
                  ffc5c110    00012010     NARCMUGS.OBJ (.text)
                  ffc6e120    0000e020     NARCRAMB.OBJ (.text)
                  ffc7c140    00002fb0     NARCFLAM.OBJ (.text)
                  ffc7f0f0    00018910     NARCHEAD.OBJ (.text)
                  ffc97a00    0000eb80     NARCHEDA.OBJ (.text)

.TEXT      0    ffca6580    00000000     UNINITIALIZED

.data      0    ffca6580    0000ca80     
                  ffca6580    00001f80     NARCPIMP.OBJ (.data)
                  ffca8500    00001180     NARCGANG.OBJ (.data)
                  ffca9680    00001300     NARCHYPO.OBJ (.data)
                  ffcaa980    00000f00     NARCHOOK.OBJ (.data)
                  ffcab880    00000d00     NARCBUG.OBJ (.data)
                  ffcac580    00001680     NARCMBIG.OBJ (.data)
                  ffcadc00    00000800     NARCMUGS.OBJ (.data)
                  ffcae400    00000e80     NARCRAMB.OBJ (.data)
                  ffcaf280    00003d80     NARCHEDA.OBJ (.data)

.DATA      0    ffcb3000    00000000     UNINITIALIZED

img_tbl    0    ffcb3000    00000000     UNINITIALIZED

SYSCODE    0    ffcb3000    00000000     UNINITIALIZED

SYSDATA    0    ffcb3000    00000000     UNINITIALIZED


GLOBAL SYMBOLS

address  name                             address  name
-------- ----                             -------- ----
ffc58110 ABSADD                           010066f0 CRIMEPAL
ffc57ff0 ABSDEC                           ffc00600 PIMPCOLD
ffc57f90 ABSINC                           ffc0eab0 PIMPCRM1
ffc57ee0 ABSMAX                           ffc0f3f0 GANGCOLD
ffc58060 ABSSUB                           ffc1ac70 GANGCRM1
UNDEFED  ADDBB                            ffc1cb00 HYPOCOLD
UNDEFED  ADDBUCKS                         ffc27f40 HYPOCRM1
UNDEFED  ADDCLIPS                         ffc297a0 NHYPO
UNDEFED  ADDDRUGS                         ffc297e0 SHYPO
UNDEFED  ADDMRBIG                         ffc2ea40 HOOKCOLD
UNDEFED  ADDROCKS                         ffc34f10 dynamite
UNDEFED  ADDSUPP                          ffc39020 BUGCOLD
UNDEFED  ANI                              ffc41350 BUGBURN
UNDEFED  AUTOEOFF                         ffc42070 MBIGCOLD
UNDEFED  BACKSLST                         ffc437b0 MB_MOVE
UNDEFED  BAKLST                           ffc51bb0 BIGBULL
UNDEFED  BAKMODS                          ffc51f00 MBIGCRM1
ffc86810 BASECOLL                         ffc52680 MovePlyr
ffcaf580 BASEskl                          ffc52890 SetAniP
UNDEFED  BBITESND                         ffc52ae0 ZCHEK
UNDEFED  BCOLDCAN                         ffc52de0 ShadOn
UNDEFED  BCOLDDMP                         ffc52e40 ShadOff
UNDEFED  BCOLDPST                         ffc52ec0 GetPLZMID
UNDEFED  BCOLL1                           ffc52f90 DFrmGrnd
UNDEFED  BGDF1C                           ffc53070 OidToDat
UNDEFED  BGDF2C                           ffc530b0 GetPData
UNDEFED  BGDF3C                           ffc53240 BulToDat
UNDEFED  BGDF4C                           ffc533c0 GetMidZ
UNDEFED  BGDTHF1                          ffc534c0 CentDist
UNDEFED  BGDTHF2                          ffc535a0 GetOnScr
UNDEFED  BGDTHF3                          ffc538a0 DestOk
UNDEFED  BGDTHF4                          ffc53be0 SCRNCLIP
UNDEFED  BGNDHGHT                         ffc53e70 ClipDest
UNDEFED  BGND_UD1                         ffc53f10 ClipZDst
ffc51bb0 BIGBULL                          ffc53fb0 SCRNZCLP
UNDEFED  BIGncar                          ffc540e0 CkDest
UNDEFED  BLIPOFF                          ffc543c0 GoDestD
UNDEFED  BLNKAREA                         ffc54b60 GoDestV
UNDEFED  BOMBSND                          ffc55460 T_YFLP
ffc9d490 BONEINI                          ffc555e0 T_NOYFLP
ffcaf880 BOOM5a                           ffc55760 Ck_YFLP
ffcaf900 BOOM5b                           ffc55960 Ck_NOYFLP
ffcaf980 BOOM5c                           ffc55b60 ZOFF
ffcafa00 BOOM6                            ffc55db0 NEAR_BUL
UNDEFED  BOOTY                            ffc56150 FACINGOB
ffc9cfd0 BRECOIL                          ffc562c0 FACEOBJ
ffc9d020 BRECOILF                         ffc563a0 FaceObj
UNDEFED  BUGBITE                          ffc56480 FACEBULL
UNDEFED  BUGBLIP                          ffc564e0 FACEAWAY
ffc41350 BUGBURN                          ffc56600 FACEFWD
UNDEFED  BUGCNT                           ffc56660 FACEBKWD
ffc39020 BUGCOLD                          ffc566c0 NEARPLYR
UNDEFED  BUGHTSND                         ffc569b0 ClosestP
ffca03b0 BlowSkul                         ffc56c70 ClosestFP
ffc53240 BulToDat                         ffc57090 Flee
ffc587a0 BullSlp                          ffc57900 FleeObj
UNDEFED  CARDCHEK                         ffc57cc0 HuntObj
UNDEFED  CFRAG1                           ffc57ce0 HuntObj0
UNDEFED  CFRAG2                           ffc57db0 ShortXDest
UNDEFED  CFRAG3                           ffc57e60 MAX
UNDEFED  CFRAG4                           ffc57ea0 MIN
UNDEFED  CFRAG5                           ffc57ee0 ABSMAX
ffc98580 CHNKTBL1                         ffc57f90 ABSINC
ffc98860 CHNKTBL2                         ffc57ff0 ABSDEC
ffc98a00 CHNKTBL3                         ffc58060 ABSSUB
ffc98e20 CHNKTBL4                         ffc58110 ABSADD
ffc98f20 CHNKTBL5                         ffc58170 XTOZSIZE
ffc9d350 CHNKTINI                         ffc58240 ClrVel
ffc9d210 CHUNKINI                         ffc582c0 UpdShadV
UNDEFED  CKBUST                           ffc583e0 NEAR_BTY
UNDEFED  CKLXBND                          ffc58410 NEAR_OBJ
UNDEFED  CLENSND                          ffc58640 ON_SLIST
UNDEFED  CLOZDOOR                         ffc586f0 CLROBJ
ffc586f0 CLROBJ                           ffc587a0 BullSlp
UNDEFED  CLRPAL                           ffc58a00 SyncAnim
UNDEFED  CLR_SCRN                         ffc58c70 SumSlp
ffc5ed50 CRDTPAGE                         ffc58e20 SPLTCOLBOX
UNDEFED  CRIMENO                          ffc59000 SPLTCOLANI
010066f0 CRIMEPAL                         ffc591e0 SPLATANI
UNDEFED  CSHRAPA1                         ffc59a40 SPLATBOX
UNDEFED  CSHRAPA2                         ffc5a2a0 SPLATS
UNDEFED  CSHRAPA3                         ffc5a700 PUT1K
UNDEFED  CSHRAPA4                         ffc5a760 PUT2x5K
UNDEFED  CSHRAPA5                         ffc5a7c0 PUT5K
UNDEFED  CSHRAPB1                         ffc5a820 PUT10K
UNDEFED  CSHRAPB2                         ffc5a880 PUT25K
UNDEFED  CSHRAPB3                         ffc5aa30 PUTBONUS
UNDEFED  CSHRAPB4                         ffc5b890 LTWRDPT
UNDEFED  CSHRAPB5                         ffc5b9b0 LINEPT
UNDEFED  CSHRAPC1                         ffc5d3e0 PRECRIM2
UNDEFED  CSHRAPC2                         ffc5d400 PRECRIME
UNDEFED  CSHRAPC3                         ffc5dd40 POSTCRIME
UNDEFED  CSHRAPC4                         ffc5e690 FBIBADGE
UNDEFED  CSHRAPC5                         ffc5ed50 CRDTPAGE
UNDEFED  CSHRAPD1                         ffc5ed70 TITLPAGE
UNDEFED  CSHRAPD2                         ffc61960 MSUCLEAR
UNDEFED  CSHRAPD3                         ffc6a6b0 VSCAN
UNDEFED  CSHRAPD4                         ffc6e870 RAMBCOLD
UNDEFED  CSHRAPD5                         ffc7b9e0 RAMBCRM1
UNDEFED  CSHRAPE1                         ffc7c440 MAKEFLAM
UNDEFED  CSHRAPE2                         ffc7c700 GROWFLAM
UNDEFED  CSHRAPE3                         ffc7f750 HEADCOLD
UNDEFED  CSHRAPE4                         ffc86630 HEADCOLL
UNDEFED  CSHRAPE5                         ffc86720 TUNGCOLL
ffc534c0 CentDist                         ffc86810 BASECOLL
ffc540e0 CkDest                           ffc8e700 SPNECOLL
ffc55960 Ck_NOYFLP                        ffc97a80 InitTbls
ffc55760 Ck_YFLP                          ffc98440 SpineIni
ffc53e70 ClipDest                         ffc98580 CHNKTBL1
ffc53f10 ClipZDst                         ffc98860 CHNKTBL2
ffc56c70 ClosestFP                        ffc98a00 CHNKTBL3
ffc569b0 ClosestP                         ffc98e20 CHNKTBL4
ffc58240 ClrVel                           ffc98f20 CHNKTBL5
UNDEFED  DELENEMY                         ffc9b780 DIRANI
UNDEFED  DELOBJ                           ffc9bf70 TUNGFLEX
UNDEFED  DELPAL                           ffc9c7a0 TUNGFLXF
UNDEFED  DELSHAD                          ffc9cfd0 BRECOIL
UNDEFED  DELSOBJ                          ffc9d020 BRECOILF
UNDEFED  DELSUPP                          ffc9d070 RRECOIL
UNDEFED  DFRMGRND                         ffc9d0c0 RRECOILF
ffc52f90 DFrmGrnd                         ffc9d110 KABOOM
UNDEFED  DINGANI                          ffc9d190 KABOOMF
ffc9b780 DIRANI                           ffc9d210 CHUNKINI
UNDEFED  DISPLAYON                        ffc9d350 CHNKTINI
UNDEFED  DMAQWAIT                         ffc9d490 BONEINI
UNDEFED  DOOROPEN                         ffc9d5d0 FLYSPINE
UNDEFED  DOORRITE                         ffc9d6a0 FLYSKULL
UNDEFED  DROPCARD                         ffca03b0 BlowSkul
UNDEFED  DROPSTUF                         ffca0ab0 jawbite
UNDEFED  DTBOUNCE                         ffca0d30 jawbitef
UNDEFED  DUMCOLL                          ffca2050 SDIRANI
UNDEFED  DUMDIE                           ffca2310 FIRETUNG
UNDEFED  DUMPCOLL                         ffca4400 baseflsh
UNDEFED  DUMRTSG                          ffca5340 MkNuke
ffc538a0 DestOk                           ffcadb80 bigbull
UNDEFED  EBSND                            ffcaf580 BASEskl
UNDEFED  EBULLET                          ffcaf600 HED3hat
UNDEFED  ENEMIES                          ffcaf880 BOOM5a
UNDEFED  ENEMY_BULLETS                    ffcaf900 BOOM5b
UNDEFED  ENINITLL                         ffcaf980 BOOM5c
UNDEFED  ENINITUL                         ffcafa00 BOOM6
UNDEFED  EROCKET                          ffcafa80 stump
UNDEFED  ESINITLL                         ffcafb00 stumpskl
UNDEFED  ESINITUL                         ffcb0e00 skull4
UNDEFED  ESINK                            ffcb1380 jaw4
UNDEFED  EXISTP                           UNDEFED  SLINEVEL
UNDEFED  EXPLOSIONS                       UNDEFED  K25IMG
ffc564e0 FACEAWAY                         UNDEFED  CSHRAPA5
ffc56660 FACEBKWD                         UNDEFED  PLAYER_BULLETS
ffc56480 FACEBULL                         UNDEFED  ledsBMOD
ffc56600 FACEFWD                          UNDEFED  KILALL
ffc562c0 FACEOBJ                          UNDEFED  GET_ADJ
ffc56150 FACINGOB                         UNDEFED  SCRNRELV
ffc5e690 FBIBADGE                         UNDEFED  blood3a
UNDEFED  FINDPAL                          UNDEFED  AUTOEOFF
ffca2310 FIRETUNG                         UNDEFED  K10IMG
UNDEFED  FLHD1A                           UNDEFED  K1IMG
UNDEFED  FLHD1B                           UNDEFED  CSHRAPB3
UNDEFED  FLHD1C                           UNDEFED  ANI
UNDEFED  FLHD2A                           UNDEFED  PSTOP
UNDEFED  FLHD2B                           UNDEFED  blood2
UNDEFED  FLHD2C                           UNDEFED  BAKMODS
UNDEFED  FLHIT1                           UNDEFED  K2x5IMG
UNDEFED  FLHIT2                           UNDEFED  blood1
UNDEFED  FLHIT3                           UNDEFED  GSCRNREL
UNDEFED  FLTLA                            UNDEFED  grnbug
UNDEFED  FLTLB                            UNDEFED  ENINITLL
UNDEFED  FLTLC                            UNDEFED  BUGHTSND
ffc9d6a0 FLYSKULL                         UNDEFED  CSHRAPD2
ffc9d5d0 FLYSPINE                         UNDEFED  CSHRAPE5
UNDEFED  FRANIM                           UNDEFED  CSHRAPD1
UNDEFED  FREEOBJE                         UNDEFED  mbigfire
UNDEFED  FREEOBJ                          UNDEFED  CSHRAPC3
UNDEFED  FREEPAL                          UNDEFED  SLPBUGS
ffc563a0 FaceObj                          UNDEFED  CSHRAPB5
ffc57090 Flee                             UNDEFED  CSHRAPC5
ffc57900 FleeObj                          UNDEFED  CSHRAPE2
UNDEFED  GAMERASE                         UNDEFED  CSHRAPD3
UNDEFED  GANGBLIP                         UNDEFED  CSHRAPC4
UNDEFED  GANGCNT                          UNDEFED  CSHRAPE1
ffc0f3f0 GANGCOLD                         UNDEFED  CSHRAPE4
ffc1ac70 GANGCRM1                         UNDEFED  YAMOFF
UNDEFED  GANIOF                           UNDEFED  CSHRAPD5
UNDEFED  GANISAG                          UNDEFED  CSHRAPD4
UNDEFED  GBUST                            UNDEFED  CSHRAPE3
UNDEFED  GETA10                           UNDEFED  CSHRAPB4
UNDEFED  GETA8                            UNDEFED  ADDMRBIG
UNDEFED  GETA9                            UNDEFED  EXISTP
UNDEFED  GETANIXY                         UNDEFED  P_GOLD
UNDEFED  GETANIX                          UNDEFED  P_MBIGS
UNDEFED  GETBPAL                          UNDEFED  GETYZVEL
UNDEFED  GETCPLY                          UNDEFED  mrbigpal
UNDEFED  GETDOOR                          UNDEFED  K5IMG
UNDEFED  GETFPAL                          UNDEFED  TRAJEC
UNDEFED  GETOBJ                           UNDEFED  BGNDHGHT
UNDEFED  GETPBOTY                         UNDEFED  MBYOUDIE
UNDEFED  GETPLYR                          UNDEFED  MBIGBLIP
UNDEFED  GETPRC                           UNDEFED  MBLAUGH
UNDEFED  GETYZVEL                         UNDEFED  ENINITUL
UNDEFED  GET_ADJ                          UNDEFED  CSHRAPC2
UNDEFED  GPALOBJ                          UNDEFED  MBIGCNT
ffc7c700 GROWFLAM                         UNDEFED  EBSND
UNDEFED  GRUNTRND                         UNDEFED  DTBOUNCE
UNDEFED  GSAGOF                           UNDEFED  SLPMBIGS
UNDEFED  GSCRNREL                         UNDEFED  mbigbrain
ffc533c0 GetMidZ                          UNDEFED  PULLOBJ
ffc535a0 GetOnScr                         UNDEFED  FLHD1A
ffc530b0 GetPData                         UNDEFED  FLHD1B
ffc52ec0 GetPLZMID                        UNDEFED  FLHD2A
ffc543c0 GoDestD                          UNDEFED  SLPRAMBS
ffc54b60 GoDestV                          UNDEFED  rambmax
UNDEFED  HEADBLIP                         UNDEFED  BCOLDCAN
UNDEFED  HEADBUTT                         UNDEFED  FLHD1C
ffc7f750 HEADCOLD                         UNDEFED  FLHIT2
ffc86630 HEADCOLL                         UNDEFED  FLHIT3
ffcaf600 HED3hat                          UNDEFED  FLTLA
UNDEFED  HELLBUGS                         UNDEFED  FLHD2B
UNDEFED  HOOKBLIP                         UNDEFED  FLHD2C
UNDEFED  HOOKCNT                          UNDEFED  FLHIT1
ffc2ea40 HOOKCOLD                         UNDEFED  RAMBCNT
UNDEFED  HYPOB0                           UNDEFED  rambdrug
UNDEFED  HYPOB02                          UNDEFED  RAMBBLIP
UNDEFED  HYPOB03                          UNDEFED  rambbrain
UNDEFED  HYPOB30                          UNDEFED  BCOLDDMP
UNDEFED  HYPOB60                          UNDEFED  BGDF1C
UNDEFED  HYPOB90                          UNDEFED  BGDF2C
UNDEFED  HYPOBLIP                         UNDEFED  BCOLDPST
ffc1cb00 HYPOCOLD                         UNDEFED  BGDTHF4
ffc27f40 HYPOCRM1                         UNDEFED  ram1
UNDEFED  HYPOT0                           UNDEFED  BCOLL1
UNDEFED  HYPOT30                          UNDEFED  BGDTHF1
UNDEFED  HYPOT60                          UNDEFED  BGDTHF2
UNDEFED  HYPOT90                          UNDEFED  BGDTHF3
ffc57ce0 HuntObj0                         UNDEFED  GPALOBJ
ffc57cc0 HuntObj                          UNDEFED  UNIVENDX
UNDEFED  INSB2OBJ                         UNDEFED  DUMDIE
UNDEFED  INSOBJ                           UNDEFED  SKULBLIP
UNDEFED  IRQSKYE                          UNDEFED  PLZMID
ffc97a80 InitTbls                         UNDEFED  DUMPCOLL
UNDEFED  JRHYCNT                          UNDEFED  XZCHK
UNDEFED  JRwalk                           UNDEFED  SHVELCPY
UNDEFED  K10IMG                           UNDEFED  HEADBUTT
UNDEFED  K1IMG                            UNDEFED  XZCNTCK
UNDEFED  K25IMG                           UNDEFED  GETCPLY
UNDEFED  K2x5IMG                          UNDEFED  HEADBLIP
UNDEFED  K5IMG                            UNDEFED  ZCHK
ffc9d110 KABOOM                           UNDEFED  ADDBB
ffc9d190 KABOOMF                          UNDEFED  CKLXBND
UNDEFED  KILALL                           UNDEFED  headxpal
UNDEFED  KILL                             UNDEFED  UNIVSTX
UNDEFED  L4ARM1                           UNDEFED  FLTLB
UNDEFED  L4ARM2                           UNDEFED  FLTLC
UNDEFED  L4ARM3                           UNDEFED  DROPCARD
UNDEFED  L4ARM4                           UNDEFED  skelpal
UNDEFED  L4ARM5                           UNDEFED  GANISAG
UNDEFED  L4ARM6                           UNDEFED  BLIPOFF
UNDEFED  L4ARM7                           UNDEFED  OSINK
UNDEFED  L4ARM8                           UNDEFED  IRQSKYE
UNDEFED  LCREOSOTE                        UNDEFED  basepal
UNDEFED  LGOAT1                           UNDEFED  headpal
UNDEFED  LGOAT10                          UNDEFED  SFLAME
UNDEFED  LGOAT2                           UNDEFED  rmanBMOD
UNDEFED  LGOAT3                           UNDEFED  OINIT
UNDEFED  LGOAT4                           UNDEFED  GETBPAL
UNDEFED  LGOAT5                           UNDEFED  k3
UNDEFED  LGOAT6                           UNDEFED  SYNCHALF
UNDEFED  LGOAT7                           UNDEFED  STRCNRM
UNDEFED  LGOAT8                           UNDEFED  dump4
UNDEFED  LGOAT9                           UNDEFED  CLRPAL
ffc5b9b0 LINEPT                           UNDEFED  warntxtp
UNDEFED  LLEG1                            UNDEFED  OBJSTR
UNDEFED  LLEG2                            UNDEFED  BAKLST
UNDEFED  LLEG3                            UNDEFED  dashBMOD
UNDEFED  LLEG4                            UNDEFED  loaf4
UNDEFED  LLEG5                            UNDEFED  bltor4d
UNDEFED  LLEG6                            UNDEFED  DISPLAYON
UNDEFED  LLEG7                            UNDEFED  newred3
UNDEFED  LLEG8                            UNDEFED  GAMERASE
UNDEFED  LOFDEXP1                         UNDEFED  RD15FONT
UNDEFED  LOFDEXP                          UNDEFED  newred1
UNDEFED  LOFDFLA                          UNDEFED  newred2
UNDEFED  LOFDROCK                         UNDEFED  badge4
UNDEFED  LOFRAG1                          UNDEFED  OFREE
UNDEFED  LOFRAG2                          UNDEFED  mbig4
UNDEFED  LOFRAG3                          UNDEFED  DMAQWAIT
UNDEFED  LOFRAG4                          UNDEFED  QDMAN
UNDEFED  LSHIN1                           UNDEFED  redarm
UNDEFED  LSHIN2                           UNDEFED  MYOINIT
UNDEFED  LSHIN3                           UNDEFED  handBMOD
UNDEFED  LSHIN4                           UNDEFED  mainBMOD
UNDEFED  LSHIN5                           UNDEFED  hypo4
UNDEFED  LSHIN6                           UNDEFED  fbitxt4
UNDEFED  LSHIN7                           UNDEFED  gang4
UNDEFED  LSHIN8                           UNDEFED  blegs5a
ffc5b890 LTWRDPT                          UNDEFED  UNGETPAL
ffc7c440 MAKEFLAM                         UNDEFED  GSAGOF
ffc57e60 MAX                              UNDEFED  clown4
UNDEFED  MBIGBLIP                         UNDEFED  BIGncar
UNDEFED  MBIGCNT                          UNDEFED  CLR_SCRN
ffc42070 MBIGCOLD                         UNDEFED  INSB2OBJ
ffc51f00 MBIGCRM1                         UNDEFED  rambo4
UNDEFED  MBLAUGH                          UNDEFED  NARCsupr
UNDEFED  MBYOUDIE                         UNDEFED  bmanBMOD
ffc437b0 MB_MOVE                          UNDEFED  SYNCFULL
ffc57ea0 MIN                              UNDEFED  CRIMENO
ffc61960 MSUCLEAR                         UNDEFED  voice
UNDEFED  MYOINIT                          UNDEFED  PALSET
ffca5340 MkNuke                           UNDEFED  BLNKAREA
ffc52680 MovePlyr                         UNDEFED  STRLNRM
UNDEFED  NARCS                            UNDEFED  SCANPAL1
UNDEFED  NARCsupr                         UNDEFED  SCANPAL2
ffc566c0 NEARPLYR                         UNDEFED  WRAMINIT
ffc583e0 NEAR_BTY                         UNDEFED  RD7FONT
ffc55db0 NEAR_BUL                         UNDEFED  BGND_UD1
ffc58410 NEAR_OBJ                         UNDEFED  porsBMOD
ffc297a0 NHYPO                            UNDEFED  CSHRAPC1
UNDEFED  NOYFLP                           UNDEFED  LGOAT2
UNDEFED  OBJSTR                           UNDEFED  LGOAT3
UNDEFED  OFREE                            UNDEFED  LGOAT4
UNDEFED  OINIT                            UNDEFED  LGOAT1
UNDEFED  ONESND                           UNDEFED  BGDF4C
ffc58640 ON_SLIST                         UNDEFED  GETA10
UNDEFED  OSINK                            UNDEFED  gangmgun
UNDEFED  OUTDOOR                          UNDEFED  LGOAT5
UNDEFED  OVERLOAD                         UNDEFED  gangrock
ffc53070 OidToDat                         UNDEFED  FINDPAL
UNDEFED  P1DATA                           UNDEFED  EROCKET
UNDEFED  P2DATA                           UNDEFED  LGOAT9
UNDEFED  PALSET                           UNDEFED  LGOAT6
UNDEFED  PIMPBLIP                         UNDEFED  LGOAT7
UNDEFED  PIMPCNT                          UNDEFED  LGOAT8
ffc00600 PIMPCOLD                         UNDEFED  BGDF3C
ffc0eab0 PIMPCRM1                         UNDEFED  LCREOSOTE
UNDEFED  PIMPpal                          UNDEFED  DOOROPEN
UNDEFED  PLAYER_BULLETS                   UNDEFED  NARCS
UNDEFED  PLYMIN                           UNDEFED  SUCIDE
UNDEFED  PLZMAX                           UNDEFED  CARDCHEK
UNDEFED  PLZMID                           UNDEFED  DELOBJ
UNDEFED  PLZMIN                           UNDEFED  WORLDTL
ffc5dd40 POSTCRIME                        UNDEFED  pimpmax
UNDEFED  PRCSLP                           UNDEFED  FREEPAL
ffc5d3e0 PRECRIM2                         UNDEFED  OVERLOAD
ffc5d400 PRECRIME                         UNDEFED  GANGBLIP
UNDEFED  PSTOP                            UNDEFED  SLPPIMPS
UNDEFED  PULLOBJ                          UNDEFED  WEXPD
ffc5a820 PUT10K                           UNDEFED  pimpfbal
ffc5a700 PUT1K                            UNDEFED  ADDBUCKS
ffc5a880 PUT25K                           UNDEFED  WAVETIME
ffc5a760 PUT2x5K                          UNDEFED  LLEG4
ffc5a7c0 PUT5K                            UNDEFED  gangfrck
UNDEFED  PUTA9                            UNDEFED  LLEG5
ffc5aa30 PUTBONUS                         UNDEFED  ADDCLIPS
UNDEFED  P_GOLD                           UNDEFED  LLEG1
UNDEFED  P_MBIGS                          UNDEFED  LLEG2
UNDEFED  QDMAN                            UNDEFED  LLEG3
UNDEFED  RAMBBLIP                         UNDEFED  LLEG6
UNDEFED  RAMBCNT                          UNDEFED  LSHIN3
ffc6e870 RAMBCOLD                         UNDEFED  LSHIN4
ffc7b9e0 RAMBCRM1                         UNDEFED  LSHIN5
UNDEFED  RANDPER                          UNDEFED  LSHIN2
UNDEFED  RANDOM                           UNDEFED  LLEG7
UNDEFED  RAND                             UNDEFED  LLEG8
UNDEFED  RANDU                            UNDEFED  LSHIN1
UNDEFED  RANGRAND                         UNDEFED  gangpal
UNDEFED  RD15FONT                         UNDEFED  L4ARM4
UNDEFED  RD7FONT                          UNDEFED  L4ARM5
ffc9d0c0 RRECOILF                         UNDEFED  L4ARM6
ffc9d070 RRECOIL                          UNDEFED  L4ARM3
UNDEFED  SCANPAL1                         UNDEFED  GANGCNT
UNDEFED  SCANPAL2                         UNDEFED  L4ARM1
UNDEFED  SCORE                            UNDEFED  L4ARM2
UNDEFED  SCRKIL                           UNDEFED  L4ARM7
ffc53be0 SCRNCLIP                         UNDEFED  gangbmax
UNDEFED  SCRNLR                           UNDEFED  WENDIE
UNDEFED  SCRNRELV                         UNDEFED  RANDOM
UNDEFED  SCRNTL                           UNDEFED  GETOBJ
ffc53fb0 SCRNZCLP                         UNDEFED  L4ARM8
UNDEFED  SCROLLX                          UNDEFED  GETFPAL
UNDEFED  SCRTST                           UNDEFED  LGOAT10
UNDEFED  SCRTSTG                          UNDEFED  ESINK
ffca2050 SDIRANI                          UNDEFED  DELENEMY
UNDEFED  SELCTPLY                         UNDEFED  SCRNLR
UNDEFED  SETTZPOS                         UNDEFED  BACKSLST
UNDEFED  SETZPOS                          UNDEFED  ENEMIES
UNDEFED  SFLAME                           UNDEFED  SHADUPD
UNDEFED  SHADST                           UNDEFED  DELSHAD
UNDEFED  SHADUPD                          UNDEFED  KILL
UNDEFED  SHVELCPY                         UNDEFED  RAND
UNDEFED  SHYPOSND                         UNDEFED  SCORE
ffc297e0 SHYPO                            UNDEFED  LOFDEXP
UNDEFED  SKULBLIP                         UNDEFED  SCRTSTG
UNDEFED  SLINEVEL                         UNDEFED  OUTDOOR
UNDEFED  SLPBUGS                          UNDEFED  SCRNTL
UNDEFED  SLPGANGS                         UNDEFED  GETANIX
UNDEFED  SLPHYPOS                         UNDEFED  PIMPBLIP
UNDEFED  SLPMBIGS                         UNDEFED  GETANIXY
UNDEFED  SLPPIMPS                         UNDEFED  RANGRAND
UNDEFED  SLPRAMBS                         UNDEFED  SETZPOS
ffc591e0 SPLATANI                         UNDEFED  LOFDEXP1
ffc59a40 SPLATBOX                         UNDEFED  GETPLYR
ffc5a2a0 SPLATS                           UNDEFED  DOORRITE
ffc59000 SPLTCOLANI                       UNDEFED  DROPSTUF
ffc58e20 SPLTCOLBOX                       UNDEFED  DFRMGRND
ffc8e700 SPNECOLL                         UNDEFED  CKBUST
UNDEFED  SQISHSND                         UNDEFED  RANDU
UNDEFED  SRAND                            UNDEFED  WORLDTLX
UNDEFED  STFOBJ                           UNDEFED  SCRKIL
UNDEFED  STRCNRM                          UNDEFED  WROCK
UNDEFED  STRLNRM                          UNDEFED  ONESND
UNDEFED  SUCIDE                           UNDEFED  DUMRTSG
UNDEFED  SYNCFULL                         UNDEFED  pimpbuck
UNDEFED  SYNCHALF                         UNDEFED  ESINITLL
ffc52890 SetAniP                          UNDEFED  EBULLET
ffc52e40 ShadOff                          UNDEFED  PIMPpal
ffc52de0 ShadOn                           UNDEFED  P1DATA
ffc57db0 ShortXDest                       UNDEFED  DELSUPP
ffc98440 SpineIni                         UNDEFED  BOOTY
ffc58c70 SumSlp                           UNDEFED  CLOZDOOR
ffc58a00 SyncAnim                         UNDEFED  pimpbrain
ffc5ed70 TITLPAGE                         UNDEFED  RANDPER
UNDEFED  TRAJEC                           UNDEFED  PLZMIN
ffc86720 TUNGCOLL                         UNDEFED  FRANIM
ffc9bf70 TUNGFLEX                         UNDEFED  P2DATA
ffc9c7a0 TUNGFLXF                         UNDEFED  YFLP
ffc555e0 T_NOYFLP                         UNDEFED  PLYMIN
ffc55460 T_YFLP                           UNDEFED  GETPRC
UNDEFED  UNGETPAL                         UNDEFED  PLZMAX
UNDEFED  UNIVENDX                         UNDEFED  SRAND
UNDEFED  UNIVSTX                          UNDEFED  GRUNTRND
ffc582c0 UpdShadV                         UNDEFED  SCRTST
ffc6a6b0 VSCAN                            UNDEFED  PRCSLP
UNDEFED  WAVETIME                         UNDEFED  ESINITUL
UNDEFED  WENDIE                           UNDEFED  DELSOBJ
UNDEFED  WEXPD                            UNDEFED  pimpthr1
UNDEFED  WORLDTLX                         UNDEFED  pimpthr2
UNDEFED  WORLDTL                          UNDEFED  GETDOOR
UNDEFED  WRAMINIT                         UNDEFED  PIMPCNT
UNDEFED  WROCK                            UNDEFED  CLENSND
UNDEFED  XFERPROC                         UNDEFED  GBUST
ffc58170 XTOZSIZE                         UNDEFED  LOFRAG4
UNDEFED  XZCHK                            UNDEFED  LOFRAG1
UNDEFED  XZCNTCK                          UNDEFED  LOFRAG2
UNDEFED  YAMOFF                           UNDEFED  LOFRAG3
UNDEFED  YFLP                             UNDEFED  LSHIN6
ffc52ae0 ZCHEK                            UNDEFED  nb5grnd
UNDEFED  ZCHK                             UNDEFED  hiro10
ffc55b60 ZOFF                             UNDEFED  hiro11
UNDEFED  badge4                           UNDEFED  nb1grnd
ffca4400 baseflsh                         UNDEFED  hiro9
UNDEFED  basepal                          UNDEFED  dstk0
ffcadb80 bigbull                          UNDEFED  EXPLOSIONS
UNDEFED  blegs5a                          UNDEFED  spk30a
UNDEFED  blkbug                           UNDEFED  spk0b
UNDEFED  blood1                           UNDEFED  spk0c
UNDEFED  blood2                           UNDEFED  spk60a
UNDEFED  blood3a                          UNDEFED  spk0a
UNDEFED  bltor4d                          UNDEFED  spk30b
UNDEFED  bmanBMOD                         UNDEFED  spk30c
UNDEFED  brnbug                           UNDEFED  nb6grnd
UNDEFED  bugmax                           UNDEFED  hiro6
UNDEFED  clown4                           UNDEFED  nb4
UNDEFED  dashBMOD                         UNDEFED  nb5
UNDEFED  dstk0                            UNDEFED  nb6
UNDEFED  dstk30                           UNDEFED  nb1
UNDEFED  dstk60                           UNDEFED  hiro9air
UNDEFED  dstk90                           UNDEFED  hiro10air
UNDEFED  dump4                            UNDEFED  hiro11air
ffc34f10 dynamite                         UNDEFED  nb7
UNDEFED  fbitxt4                          UNDEFED  hiro3
UNDEFED  gang4                            UNDEFED  hiro4
UNDEFED  gangbmax                         UNDEFED  hiro5
UNDEFED  gangfrck                         UNDEFED  hiro2
UNDEFED  gangmgun                         UNDEFED  nb8
UNDEFED  gangpal                          UNDEFED  newbom
UNDEFED  gangrock                         UNDEFED  hiro1
UNDEFED  grnbug                           UNDEFED  spk60b
UNDEFED  handBMOD                         UNDEFED  CFRAG2
UNDEFED  headpal                          UNDEFED  CFRAG3
UNDEFED  headxpal                         UNDEFED  CFRAG4
UNDEFED  hiro10                           UNDEFED  CFRAG1
UNDEFED  hiro10air                        UNDEFED  BUGCNT
UNDEFED  hiro11                           UNDEFED  blkbug
UNDEFED  hiro1                            UNDEFED  SQISHSND
UNDEFED  hiro11air                        UNDEFED  CFRAG5
UNDEFED  hiro2                            UNDEFED  CSHRAPA3
UNDEFED  hiro3                            UNDEFED  CSHRAPB2
UNDEFED  hiro4                            UNDEFED  CSHRAPA4
UNDEFED  hiro5                            UNDEFED  CSHRAPB1
UNDEFED  hiro6                            UNDEFED  BBITESND
UNDEFED  hiro9                            UNDEFED  CSHRAPA1
UNDEFED  hiro9air                         UNDEFED  CSHRAPA2
UNDEFED  hkdie1                           UNDEFED  SETTZPOS
UNDEFED  hkdie2                           UNDEFED  nb7grnd
UNDEFED  hkdie3                           UNDEFED  spk90a
UNDEFED  hkdie4                           UNDEFED  spk90b
UNDEFED  hkdie5                           UNDEFED  BOMBSND
UNDEFED  hkdie6                           UNDEFED  spk60c
UNDEFED  hkfgt4                           UNDEFED  nb2a
UNDEFED  hkfgt5                           UNDEFED  nb3a
UNDEFED  hkfgt6                           UNDEFED  spk90c
UNDEFED  hkfgt7                           UNDEFED  bugmax
UNDEFED  hkfgt8                           UNDEFED  BUGBITE
UNDEFED  hook4                            UNDEFED  BUGBLIP
UNDEFED  hookpal                          UNDEFED  redbug
UNDEFED  hypo4                            UNDEFED  GETPBOTY
UNDEFED  hypobrain                        UNDEFED  HELLBUGS
UNDEFED  hypodrug                         UNDEFED  brnbug
UNDEFED  hypofire                         UNDEFED  GANIOF
UNDEFED  hypomax                          UNDEFED  INSOBJ
UNDEFED  hyposfir                         UNDEFED  hypofire
ffcb1380 jaw4                             UNDEFED  NOYFLP
ffca0d30 jawbitef                         UNDEFED  hypobrain
ffca0ab0 jawbite                          UNDEFED  LOFDROCK
UNDEFED  k3                               UNDEFED  DUMCOLL
UNDEFED  ledsBMOD                         UNDEFED  GETA8
UNDEFED  loaf4                            UNDEFED  hypodrug
UNDEFED  mainBMOD                         UNDEFED  HYPOB03
UNDEFED  mbig4                            UNDEFED  HYPOB30
UNDEFED  mbigbrain                        UNDEFED  SHYPOSND
UNDEFED  mbigfire                         UNDEFED  HYPOB02
UNDEFED  mrbigpal                         UNDEFED  HYPOBLIP
UNDEFED  nb1grnd                          UNDEFED  HYPOB0
UNDEFED  nb1                              UNDEFED  HYPOT0
UNDEFED  nb2a                             UNDEFED  JRwalk
UNDEFED  nb3a                             UNDEFED  FREEOBJ
UNDEFED  nb4                              UNDEFED  hyposfir
UNDEFED  nb5                              UNDEFED  SLPHYPOS
UNDEFED  nb5grnd                          UNDEFED  ADDROCKS
UNDEFED  nb6                              UNDEFED  SLPGANGS
UNDEFED  nb6grnd                          UNDEFED  LSHIN7
UNDEFED  nb7                              UNDEFED  LSHIN8
UNDEFED  nb7grnd                          UNDEFED  ADDSUPP
UNDEFED  nb8                              UNDEFED  LOFDFLA
UNDEFED  nb8grnd                          UNDEFED  FREEOBJE
UNDEFED  newbom                           UNDEFED  ADDDRUGS
UNDEFED  newred1                          UNDEFED  hypomax
UNDEFED  newred2                          UNDEFED  STFOBJ
UNDEFED  newred3                          UNDEFED  JRHYCNT
UNDEFED  pimpbrain                        UNDEFED  SCROLLX
UNDEFED  pimpbuck                         UNDEFED  HYPOB60
UNDEFED  pimpfbal                         UNDEFED  PUTA9
UNDEFED  pimpmax                          UNDEFED  hkdie1
UNDEFED  pimpthr1                         UNDEFED  hkdie2
UNDEFED  pimpthr2                         UNDEFED  GETA9
UNDEFED  porsBMOD                         UNDEFED  HOOKBLIP
UNDEFED  ram1                             UNDEFED  hookpal
UNDEFED  rambbrain                        UNDEFED  hook4
UNDEFED  rambdrug                         UNDEFED  hkdie3
UNDEFED  rambmax                          UNDEFED  dstk60
UNDEFED  rambo4                           UNDEFED  nb8grnd
UNDEFED  redarm                           UNDEFED  dstk90
UNDEFED  redbug                           UNDEFED  dstk30
UNDEFED  rmanBMOD                         UNDEFED  hkdie4
UNDEFED  skelpal                          UNDEFED  hkdie5
ffcb0e00 skull4                           UNDEFED  hkdie6
UNDEFED  spk0a                            UNDEFED  hkfgt8
UNDEFED  spk0b                            UNDEFED  SELCTPLY
UNDEFED  spk0c                            UNDEFED  HYPOT90
UNDEFED  spk30a                           UNDEFED  ENEMY_BULLETS
UNDEFED  spk30b                           UNDEFED  HYPOT60
UNDEFED  spk30c                           UNDEFED  HYPOB90
UNDEFED  spk60a                           UNDEFED  DINGANI
UNDEFED  spk60b                           UNDEFED  HYPOT30
UNDEFED  spk60c                           UNDEFED  DELPAL
UNDEFED  spk90a                           UNDEFED  hkfgt6
UNDEFED  spk90b                           UNDEFED  HOOKCNT
UNDEFED  spk90c                           UNDEFED  hkfgt7
ffcafb00 stumpskl                         UNDEFED  hkfgt5
ffcafa80 stump                            UNDEFED  XFERPROC
UNDEFED  voice                            UNDEFED  SHADST
UNDEFED  warntxtp                         UNDEFED  hkfgt4

[571 symbols]
