*****************************************************
TMS340 COFF Linker           Version 6.10
*****************************************************
Sat Apr 10 02:20:40 2021

OUTPUT FILE NAME:   <NARCE.REL>
ENTRY POINT SYMBOL: 0


MEMORY CONFIGURATION

           name      origin     length     attributes     fill
         --------   --------   ---------   ----------   --------
         SCRATCH    01000000   000100000      RWIX      
         ROM        ffc00000   00033f000      RWIX      
         ROM2       fff4f000   000001000      RWIX      
         ROM3       fff50000   000010000      RWIX      
         TRAP31     fffffc00   000000400      RWIX      


SECTION ALLOCATION MAP

 output                                  attributes/
section   page    origin      length       input sections
--------  ----  ----------  ----------   ----------------
VECTORS    0    fffffc00    00000000     UNINITIALIZED

POWERON    0    fff4f000    00000000     UNINITIALIZED

DISPTEXT   0    fff50000    00000000     UNINITIALIZED

FIXED      0    01000000    00000000     UNINITIALIZED

OFIXED     0    01000000    00000000     UNINITIALIZED

NFIXED     0    01000000    00000000     UNINITIALIZED

.BSS       0    01000000    00000000     UNINITIALIZED

.bss       0    01000000    00000000     UNINITIALIZED

SYSWORK    0    01000000    00000000     UNINITIALIZED

.text      0    ffc00000    0002ecf0     
                  ffc00000    00009580     NARC6.OBJ (.text)
                  ffc09580    0000e800     NARCCHOP.OBJ (.text)
                  ffc17d80    000074c0     NARCDUMP.OBJ (.text)
                  ffc1f240    00008da0     NARCLOWN.OBJ (.text)
                  ffc27fe0    00006d10     NARCDOG.OBJ (.text)

.TEXT      0    ffc2ecf0    00000000     UNINITIALIZED

.data      0    ffc2ecf0    00009d80     
                  ffc2ecf0    00000f80     NARC6.OBJ (.data)
                  ffc2fc70    00003980     NARCCHOP.OBJ (.data)
                  ffc335f0    00001600     NARCDUMP.OBJ (.data)
                  ffc34bf0    00002980     NARCLOWN.OBJ (.data)
                  ffc37570    00001500     NARCDOG.OBJ (.data)

.DATA      0    ffc38a70    00000000     UNINITIALIZED

img_tbl    0    ffc38a70    00000000     UNINITIALIZED

SYSCODE    0    ffc38a70    00000000     UNINITIALIZED

SYSDATA    0    ffc38a70    00000000     UNINITIALIZED


GLOBAL SYMBOLS

address  name                             address  name
-------- ----                             -------- ----
UNDEFED  ADDBB                            ffc00000 LOFCOLD
UNDEFED  ADDBUCKS                         ffc003b0 BOZCHK
UNDEFED  ADDCLIPS                         ffc01720 SWAPAL0
UNDEFED  ADDDRUGS                         ffc07040 LOFDFLA
UNDEFED  ADDROCKS                         ffc07120 LDEXP1
UNDEFED  ADDSUPP                          ffc073d0 LOFDROCK
UNDEFED  ALARMSND                         ffc07440 LOFRAG1
UNDEFED  ANI                              ffc07600 LOFRAG2
UNDEFED  ANIMATOR                         ffc077c0 LOFRAG3
UNDEFED  BACKSLST                         ffc07980 LOFRAG4
UNDEFED  BGDF1C                           ffc07ba0 LOFDEXP
UNDEFED  BGDF2C                           ffc07f60 LOFDEXP1
UNDEFED  BGDF3C                           ffc08d60 LOFFCRM1
UNDEFED  BGDF4C                           ffc09580 CHOPCOLD
UNDEFED  BGDTHF1                          ffc09650 CHOPST
UNDEFED  BGDTHF10                         ffc09800 CHOPDISP
UNDEFED  BGDTHF11                         ffc0bf20 PBOMBP1
UNDEFED  BGDTHF12                         ffc0bf90 PBOMBP2
UNDEFED  BGDTHF13                         ffc11870 CHOFCOLD
UNDEFED  BGDTHF14                         ffc11940 CHORCOLD
UNDEFED  BGDTHF15                         ffc14030 XVEL2X
UNDEFED  BGDTHF2                          ffc14ec0 CHOPINTR
UNDEFED  BGDTHF3                          ffc17210 KILLCHOY
UNDEFED  BGDTHF4                          ffc17d80 DUMPCOLD
UNDEFED  BGDTHF5                          ffc1ed50 DUMPCRM1
UNDEFED  BGDTHF6                          ffc1f240 CLNSNDST
UNDEFED  BGDTHF7                          ffc1f490 CLWNCOLD
UNDEFED  BGDTHF8                          ffc204c0 XZCNTCK
UNDEFED  BGDTHF9                          ffc223e0 ZCHK
ffc003b0 BOZCHK                           ffc241f0 CARCHK
ffc241f0 CARCHK                           ffc247f0 OIDATA
UNDEFED  CARINIT                          ffc279e0 CLWNCRM1
UNDEFED  CARLIST                          ffc27fe0 DOGCOLD
UNDEFED  CARSCRTST                        UNDEFED  FINDMVP
UNDEFED  CARSTOP                          UNDEFED  DROPDRUG
UNDEFED  CARXVEL                          UNDEFED  GBULLET
UNDEFED  CARYVEL                          UNDEFED  CARZVEL
UNDEFED  CARYZVEL                         UNDEFED  CEXPLODE
UNDEFED  CARZVEL                          UNDEFED  CARYVEL
UNDEFED  CDELALL                          UNDEFED  PCZEROCT
UNDEFED  CEXPLODE                         UNDEFED  CARXVEL
ffc11870 CHOFCOLD                         UNDEFED  PLAYCAR
UNDEFED  CHOPBLIP                         UNDEFED  EROCKET
UNDEFED  CHOPCNT                          UNDEFED  GETANIX
ffc09580 CHOPCOLD                         UNDEFED  GETA8
UNDEFED  CHOPCRUZ                         UNDEFED  PUTA11
ffc09800 CHOPDISP                         UNDEFED  CHOPCNT
ffc14ec0 CHOPINTR                         UNDEFED  POWERSND
UNDEFED  CHOPRB                           UNDEFED  NEXAIR
ffc09650 CHOPST                           UNDEFED  CARINIT
ffc11940 CHORCOLD                         UNDEFED  PLAYER_BULLETS
UNDEFED  CKBUST                           UNDEFED  RANDOM
UNDEFED  CKCRESET                         UNDEFED  OSINK
UNDEFED  CKSNDPRI                         UNDEFED  PALSET
ffc1f240 CLNSNDST                         UNDEFED  jrpilot
UNDEFED  CLOZDOOR                         UNDEFED  CHOPBLIP
UNDEFED  CLWNBLIP                         UNDEFED  PCZEROY
ffc1f490 CLWNCOLD                         UNDEFED  INSOBJ
ffc279e0 CLWNCRM1                         UNDEFED  GANISAG
UNDEFED  CLWNMAX                          UNDEFED  CARYZVEL
UNDEFED  CLWNSHT                          UNDEFED  P1CTRL
UNDEFED  CLWNSPD                          UNDEFED  SIZZSND
UNDEFED  CNEWPAL                          UNDEFED  GETA10
UNDEFED  CRIMEPAL                         UNDEFED  GETA11
UNDEFED  CXACCELB                         UNDEFED  CXACCELB
UNDEFED  ClrVel                           UNDEFED  CNEWPAL
UNDEFED  DEATHCNT                         UNDEFED  HELBLUE
UNDEFED  DELBB                            UNDEFED  CARSCRTST
UNDEFED  DELCBODY                         UNDEFED  CKCRESET
UNDEFED  DELENEMY                         UNDEFED  OBJON
UNDEFED  DELSHAD                          UNDEFED  PSTOPYZ
UNDEFED  DELSOBJ                          UNDEFED  NEXPLODE
UNDEFED  DELSUPP                          UNDEFED  CDELALL
UNDEFED  DFRMGRND                         UNDEFED  ADDSUPP
UNDEFED  DOGBLIP                          UNDEFED  PCBSNDF
UNDEFED  DOGCNT                           UNDEFED  ROCKBIG
ffc27fe0 DOGCOLD                          UNDEFED  UNIVSTX
UNDEFED  DOGMAX                           UNDEFED  FINDPAL
UNDEFED  DOGSPD                           UNDEFED  PDRIVXWW
UNDEFED  DOORCLOZ                         UNDEFED  P2IJDECL
UNDEFED  DOOROPEN                         UNDEFED  CARSTOP
UNDEFED  DOORRITE                         UNDEFED  EDBULLET
UNDEFED  DROPDRUG                         UNDEFED  ANI
UNDEFED  DROPSTUF                         UNDEFED  GAMSTATE
UNDEFED  DUMCOLL                          UNDEFED  KILL
UNDEFED  DUMDIE                           UNDEFED  PCHOPCNT
UNDEFED  DUMPBLIP                         UNDEFED  PCSPINH
UNDEFED  DUMPBTT                          UNDEFED  P2CTRL
UNDEFED  DUMPCNT                          UNDEFED  ANIMATOR
ffc17d80 DUMPCOLD                         UNDEFED  WORLDTLX
ffc1ed50 DUMPCRM1                         UNDEFED  WORLDTLY
UNDEFED  DUMPMAX                          UNDEFED  CHOPRB
UNDEFED  DUMPPAL                          UNDEFED  PCRSNDF
UNDEFED  DUMPSHT                          UNDEFED  PUT5K
UNDEFED  DUMPSPD                          UNDEFED  RAND
UNDEFED  DUMRETP                          UNDEFED  hookpal
UNDEFED  DUMRTSG                          UNDEFED  HOOKCOLD
UNDEFED  EBULL45                          UNDEFED  SPLTCOLANI
UNDEFED  EBULLET                          UNDEFED  KNIFEHIT
UNDEFED  EDBULLET                         UNDEFED  CLWNBLIP
UNDEFED  ENEMIES                          UNDEFED  SPLTCOLBOX
UNDEFED  ENEMY_BULLETS                    UNDEFED  PUT10K
UNDEFED  ENINITLL                         UNDEFED  clown
UNDEFED  ENINITUL                         UNDEFED  CLWNSPD
UNDEFED  EROCKET                          UNDEFED  hkfgt5
UNDEFED  ERRORLOG                         UNDEFED  SHADCPY
UNDEFED  ESINITLL                         UNDEFED  CLWNSHT
UNDEFED  ESINITUL                         UNDEFED  hkfgt7
UNDEFED  ESINK                            UNDEFED  hkfgt8
UNDEFED  EXISTP                           UNDEFED  HOOKCNT
UNDEFED  FACEPLYR                         UNDEFED  hkfgt6
UNDEFED  FINDMVP                          UNDEFED  hkdie1
UNDEFED  FINDPAL                          UNDEFED  doggry
UNDEFED  FLP                              UNDEFED  DOGCNT
UNDEFED  FRANIM                           UNDEFED  DOGBLIP
UNDEFED  FREEPAL                          UNDEFED  blackd
UNDEFED  FREZSND                          UNDEFED  DOGSPD
UNDEFED  GAMSTATE                         UNDEFED  EXISTP
UNDEFED  GANISAG                          UNDEFED  dog
UNDEFED  GBULLET                          UNDEFED  DOGMAX
UNDEFED  GBUST                            UNDEFED  SPLATS
UNDEFED  GETA10                           UNDEFED  hkdie4
UNDEFED  GETA11                           UNDEFED  hkdie5
UNDEFED  GETA8                            UNDEFED  hkdie2
UNDEFED  GETANIX                          UNDEFED  hkdie3
UNDEFED  GETANIXY                         UNDEFED  ENINITLL
UNDEFED  GETCPLY                          UNDEFED  KNAPCNT
UNDEFED  GETCPNT                          UNDEFED  hkdie6
UNDEFED  GETDOOR                          UNDEFED  CLWNMAX
UNDEFED  GETFPAL                          UNDEFED  hkfgt4
UNDEFED  GETPLYR                          UNDEFED  UNIVENDX
UNDEFED  GETPRC                           UNDEFED  DUMDIE
UNDEFED  GETSUBDR                         UNDEFED  DUMRETP
UNDEFED  GRUNTRND                         UNDEFED  P1IJDECL
UNDEFED  HEADBUTT                         UNDEFED  DUMPSPD
UNDEFED  HELBLUE                          UNDEFED  DELBB
UNDEFED  HELWHT                           UNDEFED  jrhelpas
UNDEFED  HOOKCNT                          UNDEFED  DUMPSHT
UNDEFED  HOOKCOLD                         UNDEFED  ENEMY_BULLETS
UNDEFED  IGIVSND                          UNDEFED  PLZMIN
UNDEFED  INSOBJ                           UNDEFED  DELCBODY
UNDEFED  ISBB                             UNDEFED  HELWHT
UNDEFED  KILL                             UNDEFED  ERRORLOG
UNDEFED  KILLCARP                         UNDEFED  PILOTPAL
ffc17210 KILLCHOY                         UNDEFED  PCDRIVRC
UNDEFED  KNAPCNT                          UNDEFED  CHOPCRUZ
UNDEFED  KNIFEHIT                         UNDEFED  KILLCARP
UNDEFED  L4ARM1                           UNDEFED  ISBB
UNDEFED  L4ARM2                           UNDEFED  YFLP
UNDEFED  L4ARM3                           UNDEFED  DUMPBTT
UNDEFED  L4ARM4                           UNDEFED  DUMPCNT
UNDEFED  L4ARM5                           UNDEFED  PLZMAX
UNDEFED  L4ARM6                           UNDEFED  HEADBUTT
UNDEFED  L4ARM7                           UNDEFED  PORSCHE1
UNDEFED  L4ARM8                           UNDEFED  DUMPPAL
UNDEFED  LAMPOST                          UNDEFED  DUMPMAX
UNDEFED  LAMPTOP                          UNDEFED  DUMPBLIP
UNDEFED  LCREOSOTE                        UNDEFED  LAMPOST
ffc07120 LDEXP1                           UNDEFED  LAMPTOP
UNDEFED  LGOAT1                           UNDEFED  BACKSLST
UNDEFED  LGOAT10                          UNDEFED  ESINITLL
UNDEFED  LGOAT2                           UNDEFED  ON_SLIST
UNDEFED  LGOAT3                           UNDEFED  ADDBB
UNDEFED  LGOAT4                           UNDEFED  GETCPNT
UNDEFED  LGOAT5                           UNDEFED  NOYFLP
UNDEFED  LGOAT6                           UNDEFED  XZCHK
UNDEFED  LGOAT7                           UNDEFED  BGDTHF3
UNDEFED  LGOAT8                           UNDEFED  BGDTHF1
UNDEFED  LGOAT9                           UNDEFED  BGDTHF2
UNDEFED  LLEG1                            UNDEFED  BGDTHF6
UNDEFED  LLEG2                            UNDEFED  BGDTHF7
UNDEFED  LLEG3                            UNDEFED  BGDTHF4
UNDEFED  LLEG4                            UNDEFED  BGDTHF5
UNDEFED  LLEG5                            UNDEFED  DELENEMY
UNDEFED  LLEG6                            UNDEFED  FACEPLYR
UNDEFED  LLEG7                            UNDEFED  DELSHAD
UNDEFED  LLEG8                            UNDEFED  SCRKIL
UNDEFED  LOFBLIP                          UNDEFED  GETANIXY
UNDEFED  LOFCNT                           UNDEFED  IGIVSND
ffc00000 LOFCOLD                          UNDEFED  LOFBLIP
ffc07f60 LOFDEXP1                         UNDEFED  ADDDRUGS
ffc07ba0 LOFDEXP                          UNDEFED  ENEMIES
ffc07040 LOFDFLA                          UNDEFED  BGDTHF8
ffc073d0 LOFDROCK                         UNDEFED  L4ARM6
ffc08d60 LOFFCRM1                         UNDEFED  DUMCOLL
UNDEFED  LOFFIRE                          UNDEFED  L4ARM4
UNDEFED  LOFMAX                           UNDEFED  L4ARM5
ffc07440 LOFRAG1                          UNDEFED  L4ARM8
ffc07600 LOFRAG2                          UNDEFED  LOFFIRE
ffc077c0 LOFRAG3                          UNDEFED  DELSOBJ
ffc07980 LOFRAG4                          UNDEFED  L4ARM7
UNDEFED  LOFWAIT                          UNDEFED  L4ARM3
UNDEFED  LSHIN1                           UNDEFED  OUTDOOR
UNDEFED  LSHIN2                           UNDEFED  SCORE
UNDEFED  LSHIN3                           UNDEFED  BGDTHF9
UNDEFED  LSHIN4                           UNDEFED  FLP
UNDEFED  LSHIN5                           UNDEFED  EBULL45
UNDEFED  LSHIN6                           UNDEFED  L4ARM2
UNDEFED  LSHIN7                           UNDEFED  L4ARM1
UNDEFED  LSHIN8                           UNDEFED  fnklof
UNDEFED  NARCS                            UNDEFED  blulof
UNDEFED  NEXAIR                           UNDEFED  GETPLYR
UNDEFED  NEXPLODE                         UNDEFED  DROPSTUF
UNDEFED  NOYFLP                           UNDEFED  DFRMGRND
UNDEFED  OBJON                            UNDEFED  SETZPOS
ffc247f0 OIDATA                           UNDEFED  BGDF2C
UNDEFED  ONESND                           UNDEFED  RANGRAND
UNDEFED  ON_SLIST                         UNDEFED  BGDF1C
UNDEFED  OSINK                            UNDEFED  ENINITUL
UNDEFED  OUTDOOR                          UNDEFED  FREEPAL
UNDEFED  P1CTRL                           UNDEFED  BGDTHF12
UNDEFED  P1DATA                           UNDEFED  BGDTHF10
UNDEFED  P1IJDECL                         UNDEFED  BGDTHF11
UNDEFED  P2CTRL                           UNDEFED  BGDTHF15
UNDEFED  P2DATA                           UNDEFED  DOORRITE
UNDEFED  P2IJDECL                         UNDEFED  BGDTHF13
UNDEFED  PALSET                           UNDEFED  BGDTHF14
ffc0bf20 PBOMBP1                          UNDEFED  BGDF3C
ffc0bf90 PBOMBP2                          UNDEFED  LGOAT5
UNDEFED  PCBSNDF                          UNDEFED  LGOAT6
UNDEFED  PCDRIVRC                         UNDEFED  LGOAT4
UNDEFED  PCHOPCNT                         UNDEFED  DUMRTSG
UNDEFED  PCRSNDF                          UNDEFED  LGOAT9
UNDEFED  PCSPINH                          UNDEFED  RANDU
UNDEFED  PCZEROCT                         UNDEFED  LGOAT7
UNDEFED  PCZEROY                          UNDEFED  LGOAT8
UNDEFED  PDRIVXWW                         UNDEFED  LGOAT3
UNDEFED  PILOTPAL                         UNDEFED  CKSNDPRI
UNDEFED  PLAYCAR                          UNDEFED  SCROLLX
UNDEFED  PLAYER_BULLETS                   UNDEFED  BGDF4C
UNDEFED  PLYMAX                           UNDEFED  ALARMSND
UNDEFED  PLYMIN                           UNDEFED  LGOAT1
UNDEFED  PLZMAX                           UNDEFED  LGOAT2
UNDEFED  PLZMIN                           UNDEFED  CKBUST
UNDEFED  PORSCHE1                         UNDEFED  ONESND
UNDEFED  POWERSND                         UNDEFED  LLEG7
UNDEFED  PRCLSP                           UNDEFED  LLEG8
UNDEFED  PRCSLP                           UNDEFED  LLEG5
UNDEFED  PSTOPYZ                          UNDEFED  LLEG6
UNDEFED  PSTOP                            UNDEFED  LSHIN2
UNDEFED  PUT10K                           UNDEFED  LSHIN3
UNDEFED  PUT2x5K                          UNDEFED  LSHIN1
UNDEFED  PUT5K                            UNDEFED  loafer
UNDEFED  PUTA11                           UNDEFED  LLEG4
UNDEFED  RANDOM                           UNDEFED  CARLIST
UNDEFED  RAND                             UNDEFED  LLEG1
UNDEFED  RANDPER                          UNDEFED  YAMOFF
UNDEFED  RANDU                            UNDEFED  P2DATA
UNDEFED  RANGRAND                         UNDEFED  LLEG3
UNDEFED  ROCKBIG                          UNDEFED  ADDCLIPS
UNDEFED  SCORE                            UNDEFED  ESINK
UNDEFED  SCRKIL                           UNDEFED  LLEG2
UNDEFED  SCROLLX                          UNDEFED  WORLDTL
UNDEFED  SCRTST                           UNDEFED  ADDROCKS
UNDEFED  SELCTPLY                         UNDEFED  NARCS
UNDEFED  SETZPOS                          UNDEFED  DOOROPEN
UNDEFED  SHADCPY                          UNDEFED  XFERPROC
UNDEFED  SHADST                           UNDEFED  ADDBUCKS
UNDEFED  SHVELCPY                         UNDEFED  SHADST
UNDEFED  SHVELFLP                         UNDEFED  LOFWAIT
UNDEFED  SIZZSND                          UNDEFED  pnklof
UNDEFED  SPLATBOX                         UNDEFED  FREZSND
UNDEFED  SPLATS                           UNDEFED  LSHIN6
UNDEFED  SPLTCOLANI                       UNDEFED  SUCIDE
UNDEFED  SPLTCOLBOX                       UNDEFED  LSHIN4
UNDEFED  SRAND                            UNDEFED  LSHIN5
UNDEFED  SUBOPEN                          UNDEFED  LSHIN8
UNDEFED  SUCIDE                           UNDEFED  LCREOSOTE
ffc01720 SWAPAL0                          UNDEFED  LSHIN7
UNDEFED  UNIVENDX                         UNDEFED  PSTOP
UNDEFED  UNIVSTX                          UNDEFED  GETCPLY
UNDEFED  WAVE                             UNDEFED  DOORCLOZ
UNDEFED  WENDIE                           UNDEFED  LGOAT10
UNDEFED  WORLDTLX                         UNDEFED  PRCSLP
UNDEFED  WORLDTLY                         UNDEFED  SUBOPEN
UNDEFED  WORLDTL                          UNDEFED  LOFMAX
UNDEFED  XFERPROC                         UNDEFED  LOFCNT
ffc14030 XVEL2X                           UNDEFED  GETDOOR
UNDEFED  XZCHK                            UNDEFED  SCRTST
ffc204c0 XZCNTCK                          UNDEFED  CRIMEPAL
UNDEFED  YAMOFF                           UNDEFED  GETSUBDR
UNDEFED  YFLP                             UNDEFED  PRCLSP
ffc223e0 ZCHK                             UNDEFED  GETFPAL
UNDEFED  blackd                           UNDEFED  GRUNTRND
UNDEFED  blulof                           UNDEFED  PUT2x5K
UNDEFED  clown                            UNDEFED  DEATHCNT
UNDEFED  doggry                           UNDEFED  ESINITUL
UNDEFED  dog                              UNDEFED  SPLATBOX
UNDEFED  fnklof                           UNDEFED  SHVELFLP
UNDEFED  hkdie1                           UNDEFED  RANDPER
UNDEFED  hkdie2                           UNDEFED  P1DATA
UNDEFED  hkdie3                           UNDEFED  ClrVel
UNDEFED  hkdie4                           UNDEFED  GETPRC
UNDEFED  hkdie5                           UNDEFED  FRANIM
UNDEFED  hkdie6                           UNDEFED  PLYMIN
UNDEFED  hkfgt4                           UNDEFED  SHVELCPY
UNDEFED  hkfgt5                           UNDEFED  PLYMAX
UNDEFED  hkfgt6                           UNDEFED  WENDIE
UNDEFED  hkfgt7                           UNDEFED  SRAND
UNDEFED  hkfgt8                           UNDEFED  WAVE
UNDEFED  hookpal                          UNDEFED  GBUST
UNDEFED  jrhelpas                         UNDEFED  DELSUPP
UNDEFED  jrpilot                          UNDEFED  EBULLET
UNDEFED  loafer                           UNDEFED  CLOZDOOR
UNDEFED  pnklof                           UNDEFED  SELCTPLY

[305 symbols]
