*****************************************************
TMS340 COFF Linker           Version 6.10
*****************************************************
Sat Apr 10 02:21:45 2021

OUTPUT FILE NAME:   <NARC.out>
ENTRY POINT SYMBOL: "SETUP"  address: ffc00120


MEMORY CONFIGURATION

           name      origin     length     attributes     fill
         --------   --------   ---------   ----------   --------
         SCRATCH    01000000   000100000      RWIX      
         ROM        ffc00000   000200000      RWIX      
         ROM1       ffe00000   00016e000      RWIX      
         ROM2       fff6e000   000001000      RWIX      
         ROM3       fff6f000   000008000      RWIX      
         TRAP31     fffffc00   000000400      RWIX      


SECTION ALLOCATION MAP

 output                                  attributes/
section   page    origin      length       input sections
--------  ----  ----------  ----------   ----------------
VECTORS    0    fffffc00    00000400     
                  fffffc00    00000400     NARC.OBJ (VECTORS)

POWERON    0    fff6e000    00000620     
                  fff6e000    00000620     NARC.OBJ (POWERON)

DISPTEXT   0    fff6f000    00007450     
                  fff6f000    00007450     NDSP1.OBJ (DISPTEXT)

FIXED      0    01000000    00000040     
                  01000000    00000040     MPROC.OBJ (FIXED)

OFIXED     0    01000040    00000080     
                  01000040    00000080     NDSP1.OBJ (OFIXED)

NFIXED     0    010000c0    00000140     
                  010000c0    00000140     NARCRAM.OBJ (NFIXED)

.BSS       0    01000200    00000000     UNINITIALIZED

.bss       0    01000200    000e0650     UNINITIALIZED
                  01000200    00000130     NARC.OBJ (.bss)
                  01000330    00000010     NARC1.OBJ (.bss)
                  01000340    00001010     NARC1A.OBJ (.bss)
                  01001350    000000c0     NARCBGND.OBJ (.bss)
                  01001410    00000020     NARCGANG.OBJ (.bss)
                  01001430    00000010     NARCHYPO.OBJ (.bss)
                  01001440    00000030     NARCHOOK.OBJ (.bss)
                  01001470    00000030     NARCBUG.OBJ (.bss)
                  010014a0    000001d0     NARCMBIG.OBJ (.bss)
                  01001670    000064a0     NARCMUGS.OBJ (.bss)
                  01007b10    00000020     NARCRAMB.OBJ (.bss)
                  01007b30    00000020     NARCHEAD.OBJ (.bss)
                  01007b50    00000020     NARCATT.OBJ (.bss)
                  01007b70    00013620     NARCRAM.OBJ (.bss)
                  0101b190    00000010     NARCENT.OBJ (.bss)
                  0101b1a0    00000010     NARCSPRY.OBJ (.bss)
                  0101b1b0    000000b0     NARCHELP.OBJ (.bss)
                  0101b260    00000060     NARCTEST.OBJ (.bss)
                  0101b2c0    00000050     NARCMENU.OBJ (.bss)
                  0101b310    0003b130     MPROC.OBJ (.bss)
                  01056440    0008a210     NDSP1.OBJ (.bss)
                  010e0650    00000200     GSPSND.OBJ (.bss)

SYSWORK    0    010e0850    00000000     UNINITIALIZED

.text      0    ffc00000    001e3dd0     
                  ffc00000    00011970     NARC.OBJ (.text)
                  ffc11970    00010600     NARC1.OBJ (.text)
                  ffc21f70    0000fa40     NARC1A.OBJ (.text)
                  ffc319b0    00010f20     NARCBGND.OBJ (.text)
                  ffc428d0    0000bc10     NARCBULL.OBJ (.text)
                  ffc4e4e0    0000a650     NARCLOOT.OBJ (.text)
                  ffc58b30    00009580     NARC6.OBJ (.text)
                  ffc620b0    0000ef90     NARCPIMP.OBJ (.text)
                  ffc71040    0000d480     NARCGANG.OBJ (.text)
                  ffc7e4c0    0000d110     NARCHYPO.OBJ (.text)
                  ffc8b5d0    00004f30     NARCNDLE.OBJ (.text)
                  ffc90500    00006520     NARCHOOK.OBJ (.text)
                  ffc96a20    00003ff0     NARCDYNA.OBJ (.text)
                  ffc9aa10    00009190     NARCBUG.OBJ (.text)
                  ffca3ba0    00010b90     NARCMBIG.OBJ (.text)
                  ffcb4730    00008f90     NARCUTIL.OBJ (.text)
                  ffcbd6c0    00000b00     NARCMATH.OBJ (.text)
                  ffcbe1c0    00012010     NARCMUGS.OBJ (.text)
                  ffcd01d0    0000e020     NARCRAMB.OBJ (.text)
                  ffcde1f0    00002fb0     NARCFLAM.OBJ (.text)
                  ffce11a0    00018910     NARCHEAD.OBJ (.text)
                  ffcf9ab0    0000eb80     NARCHEDA.OBJ (.text)
                  ffd08630    000069b0     NARCCARS.OBJ (.text)
                  ffd0efe0    00005240     NARCCAD.OBJ (.text)
                  ffd14220    00009130     NARCPORS.OBJ (.text)
                  ffd1d350    00002dd0     NARCMINE.OBJ (.text)
                  ffd20120    0000c320     NARCDOOR.OBJ (.text)
                  ffd2c440    000021f0     NARCCANS.OBJ (.text)
                  ffd2e630    00002ff0     NARCATT.OBJ (.text)
                  ffd31620    00003400     NARCOL.OBJ (.text)
                  ffd34a20    00014e80     NARCPLAY.OBJ (.text)
                  ffd498a0    000025a0     NARCMISC.OBJ (.text)
                  ffd4be40    00001590     NARCPALL.OBJ (.text)
                  ffd4d3d0    0000e800     NARCCHOP.OBJ (.text)
                  ffd5bbd0    00007fe0     NARCSCOR.OBJ (.text)
                  ffd63bb0    00003610     NARCRIME.OBJ (.text)
                  ffd671c0    000074c0     NARCDUMP.OBJ (.text)
                  ffd6e680    00008da0     NARCLOWN.OBJ (.text)
                  ffd77420    00006d10     NARCDOG.OBJ (.text)
                  ffd7e130    00005c90     NARCENT.OBJ (.text)
                  ffd83dc0    000157d0     NARCSPRY.OBJ (.text)
                  ffd99590    00004d30     NARCHSTD.OBJ (.text)
                  ffd9e2c0    00009e90     NARCHELP.OBJ (.text)
                  ffda8150    000095c0     NARCTEST.OBJ (.text)
                  ffdb1710    0000a2a0     NARCMENU.OBJ (.text)
                  ffdbb9b0    00004680     NARCADJ.OBJ (.text)
                  ffdc0030    000005a0     NARCDATA.OBJ (.text)
                  ffdc05d0    000213e0     NARCDATB.OBJ (.text)
                  ffde19b0    00001280     MPROC.OBJ (.text)
                  ffde2c30    000011a0     GSPSND.OBJ (.text)

.TEXT      0    ffde3dd0    00000000     UNINITIALIZED

.data      0    ffe00000    00157750     
                  ffe00000    000001e0     NARC1.OBJ (.data)
                  ffe001e0    00000580     NARC1A.OBJ (.data)
                  ffe00760    00000f80     NARC6.OBJ (.data)
                  ffe016e0    00001f80     NARCPIMP.OBJ (.data)
                  ffe03660    00001180     NARCGANG.OBJ (.data)
                  ffe047e0    00001300     NARCHYPO.OBJ (.data)
                  ffe05ae0    00000f00     NARCHOOK.OBJ (.data)
                  ffe069e0    00000d00     NARCBUG.OBJ (.data)
                  ffe076e0    00001680     NARCMBIG.OBJ (.data)
                  ffe08d60    00000800     NARCMUGS.OBJ (.data)
                  ffe09560    00000e80     NARCRAMB.OBJ (.data)
                  ffe0a3e0    00003d80     NARCHEDA.OBJ (.data)
                  ffe0e160    000071d0     NARCCAD.OBJ (.data)
                  ffe15330    00005260     NARCPORS.OBJ (.data)
                  ffe1a590    00003980     NARCCHOP.OBJ (.data)
                  ffe1df10    00001600     NARCDUMP.OBJ (.data)
                  ffe1f510    00002980     NARCLOWN.OBJ (.data)
                  ffe21e90    00001500     NARCDOG.OBJ (.data)
                  ffe23390    00034e70     NARCPAL.OBJ (.data)
                  ffe58200    00002290     NARCSND.OBJ (.data)
                  ffe5a490    00000200     NARCENT.OBJ (.data)
                  ffe5a690    00015dc0     NARCMENU.OBJ (.data)
                  ffe70450    0000c010     NARCADJ.OBJ (.data)
                  ffe7c460    00008f40     NARCTEXT.OBJ (.data)
                  ffe853a0    000095e0     NARCANIM.OBJ (.data)
                  ffe8e980    00030520     NARCDATA.OBJ (.data)
                  ffebeea0    000037c0     NARCDATB.OBJ (.data)
                  ffec2660    000048d0     NARCBLIP.OBJ (.data)
                  ffec6f30    0003d9b0     BGNDTBL.OBJ (.data)
                  fff048e0    00052e70     BGNDPAL.OBJ (.data)

.DATA      0    fff57750    00000000     UNINITIALIZED

img_tbl    0    fff57750    0000ae80     
                  fff57750    0000ae80     IMGTBL.OBJ (img_tbl)


GLOBAL SYMBOLS

address  name                             address  name
-------- ----                             -------- ----
01000200 .bss                             00000003 ROM_LEV
ffe00000 .data                            00000004 RTR_LEV
ffc00000 .text                            00000009 G1SEL
ffd9b720 A2_CHECK                         0000000d F1SEL
ffcba1c0 ABSADD                           00000033 CS_ENTS
ffcba0a0 ABSDEC                           00000040 INDIAG
ffcba040 ABSINC                           01000000 ACTIVE
ffcb9f90 ABSMAX                           01000020 FREE
ffcba110 ABSSUB                           01000040 OBJLST
01000000 ACTIVE                           01000060 OFREE
ffc13350 ADDBB                            01000080 BAKLST
ffc1d700 ADDBUCKS                         010000a0 BAK2LST
ffd5ec20 ADDBULL                          010000c0 BBACTIVE
ffd5ece0 ADDBUST                          010000e0 BBFREE
ffc017c0 ADDBUY                           01000100 BACKSLST
ffd5ff60 ADDCARDB                         01000120 PLAYER_BULLETS
ffd5ffe0 ADDCARDG                         01000140 ENEMY_BULLETS
ffd5ffa0 ADDCARDR                         01000160 ENEMIES
ffd5ff20 ADDCARDS                         01000180 PLAYERS
ffc1da90 ADDCLIPS                         010001a0 BOOTY
ffd60020 ADDCRDGR                         010001c0 CARLIST
ffc1d830 ADDDRUGS                         010001e0 EXPLOSIONS
fff61550 ADDISON                          01000200 .bss
ffd5e6d0 ADDLIFE                          01000200 SCRL_GO
ffd5e850 ADDMRBIG                         01000210 SCRL_SRT
ffd5ec30 ADDNBULL                         01000220 SCRL_END
ffd5ecf0 ADDNBUST                         01000230 SCRL_DIV
ffd5ea90 ADDNNRGY                         01000240 SCRL_DIR
ffd5eb60 ADDROCK                          01000250 SCRL_FRC
ffc1d960 ADDROCKS                         01000270 Y_CORR
ffc149e0 ADDSBOBJ                         01000290 FADE_RAM
ffc14a70 ADDSUPP                          010002e0 SURVCNT
ffda6460 ADD_DUMP                         01000330 NOAUTOE
fff72410 ADJNEWTL                         01007b00 CRIMEPAL
fff722c0 ADJSTWTL                         01007b70 RAND
ffda4030 ADJ_PAGE                         01007b90 SWSTACK
ffe59940 ALARMSND                         01007bb0 SWTEMP1
ffedb870 ALLEY2ABMOD                      01007bd0 SWTEMP2
ffedbb40 ALLEY2BMOD                       01007bf0 SWSTMN
ffedb990 ALLEY3BMOD                       01007cf0 SWSTST
ffedbc60 ALLEYBMOD                        01007cf0 PSWTMP1
ffe5a370 ALLOFF                           01007d00 SYSCOPY
ffd99590 ALL_TAB                          01007d10 INTSYNC0
ffe84c10 AMMOMSG                          01007d20 INTSYNC1
fff72f20 ANI2                             01007d30 FPALRAM
ffc215c0 ANIMATOR                         01007d30 PALRAM
fff72f60 ANI                              01007f10 BPALRAM
ffc217b0 ANIMATCK                         01008330 PTRRAM
ffdb7ee0 ANY_BUT                          01008730 CURPAL
ffdaefd0 AREUSURE                         01008740 PIXQUEUE
fff5d250 ARMDR1                           0100b300 PIXQHEAD
fff5d2d0 ARMDR2                           0100b300 PIXQEND
fff5d350 ARMDR3                           0100b320 PIXQTAIL
ffe2e650 ARMDRPAL                         0100b340 PIXQVAL
fff5c7d0 ARROWDN                          0100b350 COLRTEMP
ffd2e630 ATSTRT                           0100b4e0 SKYCOLOR
ffd2f0c0 ATTPLAY                          0100b4e0 COLRTEND
ffc2bc30 AUDPLWAV                         0100b4f0 IRQSKYE
ffda3790 AUD1                             0100b500 PREVZ
ffda3680 AUD                              0100b520 BEATCNT
ffc22590 AUTOEOFF                         0100b530 P1DATA
ffc226c0 AUTOEON                          0100b910 P2DATA
01000100 BACKSLST                         0100bcf0 GAMSTATE
0101b1b0 BAD_AUD                          0100bcf0 NRAMSTRT
0100d160 BAK2BITS                         0100bd00 PLAYPAGE
010000a0 BAK2LST                          0100bd10 PLAYCAR
0100d380 BAK2MODS                         0100bd10 GRAMSTRT
01056540 BAK2TLX                          0100bd30 PCZEROCT
01056520 BAK2TLY                          0100bd40 PCBSNDF
0100c160 BAKBITS                          0100bd50 PCRSNDF
01000080 BAKLST                           0100bd60 PCSPINH
0100d360 BAKMODS                          0100bd70 PCZEROY
010178f0 BAKSTAKE                         0100bd80 P1CTRL
010178d0 BAKSTAKP                         0100bd90 P2CTRL
01019540 BAKSTAKS                         0100bda0 PUPDATE
ffce88c0 BASECOLL                         0100bdb0 NPLYRS
ffe0a6e0 BASEskl                          0100bdc0 WAVE
ffc20980 BASFRM                           0100bdd0 CRIMENO
010000c0 BBACTIVE                         0100bde0 SOUNDSUP
010000e0 BBFREE                           0100bdf0 GOALCARD
ffc131e0 BBINIT                           0100be00 GOALDOOR
ffe58860 BBITESND                         0100c090 LOOPWAVE
0100d8c0 BBLOCKS                          0100c0a0 LOOPBACK
ffc3d0c0 BBOFSCRN                         0100c0c0 LOOPDISP
ffc13ff0 BBWIPE                           0100c0e0 SCRLBIAS
0100c0f0 BCCOUNT                          0100c0f0 BCCOUNT
ffd88400 BCDBIN                           0100c100 DCCOUNT
ffc4c5e0 BCOLDCAN                         0100c110 WRAMSTRT
ffc4c560 BCOLDDMP                         0100c110 WAVETIME
ffc4c660 BCOLDPST                         0100c120 BUYNOW
ffc4c6a0 BCOLDSID                         0100c130 GLASSCNT
ffc4c220 BCOLL1                           0100c140 DOPESYM
0100b520 BEATCNT                          0100c160 BAKBITS
fff613d0 BENCHL                           0100d160 BAK2BITS
fff61450 BENCHM                           0100d360 BAKMODS
fff614d0 BENCHR                           0100d380 BAK2MODS
fff5a350 BGDF1C                           0100d3a0 BGNAME
fff5a3d0 BGDF2C                           0100d3c0 BGMUSIC
fff5a450 BGDF3C                           0100d3e0 BGINIT
fff5a4d0 BGDF4C                           0100d400 CARDHOLD
fff5b1d0 BGDTHF1                          0100d410 XSCROLLS
fff5b650 BGDTHF10                         0100d420 PLYMIN
fff5b6d0 BGDTHF11                         0100d430 PLYMAX
fff5b750 BGDTHF12                         0100d440 PLZMIN
fff5b7d0 BGDTHF13                         0100d450 PLZMAX
fff5b850 BGDTHF14                         0100d460 PLZMID
fff5b8d0 BGDTHF15                         0100d470 PSZMIN
fff5b250 BGDTHF2                          0100d480 PSZMAX
fff5b2d0 BGDTHF3                          0100d490 PSZMID
fff5b350 BGDTHF4                          0100d4a0 UNIVEND
fff5b3d0 BGDTHF5                          0100d4b0 UNIVSTX
fff5b450 BGDTHF6                          0100d4c0 UNIVSTY
fff5b4d0 BGDTHF7                          0100d4d0 UNIVENDX
fff5b550 BGDTHF8                          0100d4e0 UNIVENDY
fff5b5d0 BGDTHF9                          0100d4f0 GAMERASE
0100d3e0 BGINIT                           0100d500 DRUGCNT
0100d3c0 BGMUSIC                          0100d500 DIFRAM
0100d3a0 BGNAME                           0100d510 BUCKCNT
ffc40590 BGNDHGHT                         0100d520 ROCKCNT
ffc411a0 BGND_UD1                         0100d530 CLIPCNT
ffc41440 BGND_UD2                         0100d540 gangbmax
ffeefca0 BIGBANKBMOD                      0100d550 gangrock
ffeefdc0 BIGBLDLBMOD                      0100d560 gangmgun
ffeefd30 BIGBLDRBMOD                      0100d570 gangfrck
ffcb3c60 BIGBULL                          0100d580 hypomax
fff5c850 BIGDOOR1                         0100d590 hypodrug
fff5c8d0 BIGDOOR2                         0100d5a0 hypobrain
fff5c950 BIGDOOR3                         0100d5b0 hypofire
ffeefe50 BIGEL1BMOD                       0100d5c0 hyposfir
ffeefee0 BIGFLR10BMOD                     0100d5d0 pimpmax
ffeef0d0 BIGFLR10SBMOD                    0100d5e0 pimpbuck
ffeef9d0 BIGFLR1BMOD                      0100d5f0 pimpbrain
ffeef040 BIGFLR1SBMOD                     0100d600 pimpthr1
ffeef8b0 BIGFLR3BMOD                      0100d610 pimpthr2
ffeef820 BIGFLR4BMOD                      0100d620 pimpfbal
ffeeefb0 BIGFLR4SBMOD                     0100d630 rambmax
ffeef790 BIGFLR5BMOD                      0100d640 rambbrain
ffeef700 BIGFLR6BMOD                      0100d650 rambdrug
ffeef670 BIGFLR7BMOD                      0100d660 bugmax
ffeef5e0 BIGFLR8BMOD                      0100d670 mbigbrain
ffeef1f0 BIGFLR8SBMOD                     0100d680 mbigfire
ffeef550 BIGFLR9BMOD                      0100d690 DUMPMAX
ffeef160 BIGFLR9SBMOD                     0100d6a0 DUMPSPD
ffeef940 BIGFLRBMOD                       0100d6b0 DUMPBTT
fff1f6c0 BIGFRAME                         0100d6c0 DUMPSHT
ffd2b060 BIGINCOL                         0100d6d0 CLWNMAX
ffdc3260 BIGOBAK                          0100d6e0 CLWNSPD
ffe96de0 BIGODSP                          0100d6f0 CLWNSHT
fff44590 BIGncar                          0100d700 LOFMAX
ffd88260 BINBCD                           0100d710 LOFFIRE
fff58fd0 BLAM1                            0100d720 CHOPRB
fff59050 BLAM2                            0100d730 DOGMAX
fff590d0 BLAM3                            0100d740 DOGSPD
fff59150 BLAM4                            0100d750 LOFCNT
fff591d0 BLAM5                            0100d750 ENDIFRAM
fff59250 BLAM6                            0100d750 ECNTRS
fff592d0 BLAM7                            0100d760 LOFWAIT
fff59350 BLAM8                            0100d770 JRHYCNT
ffe84f50 BLANKMSG                         0100d780 HOOKCNT
ffd5c4b0 BLIPOFF                          0100d790 PIMPCNT
ffd5c690 BLIPON                           0100d7a0 DUMPCNT
ffc15570 BLNKAREA                         0100d7b0 KNAPCNT
ffdae7c0 BLNKHELP                         0100d7c0 GANGCNT
ffdc42a0 BLUEBAK                          0100d7d0 MBIGCNT
ffd24c50 BLUEDP                           0100d7e0 BUGCNT
ffdc16b0 BLUEDSP                          0100d7f0 RAMBCNT
ffe4c510 BLUELAB                          0100d800 CADCNT
fff5c150 BLUETYPE                         0100d810 PORCNT
fff5bed0 BLUEcard                         0100d820 CHOPCNT
fff24890 BLUEesca                         0100d830 DOGCNT
fff55870 BLUEsq2                          0100d840 SLPRAMBS
fff54860 BLUEsq3                          0100d850 SLPBUGS
fff56720 BLUEsquar                        0100d860 SLPHYPOS
ffe58760 BNCESND                          0100d870 SLPPIMPS
ffe58d20 BOMBSND                          0100d880 SLPMBIGS
ffe592f0 BONCLSND                         0100d890 SLPGANGS
ffe592b0 BONCSND                          0100d8a0 SLPHOOKS
ffcff540 BONEINI                          0100d8b0 PCHOPCNT
ffc2c1e0 BONUSCR                          0100d8c0 ECNTEND
ffedc290 BOOK1BMOD                        0100d8c0 BBLOCKS
ffe0a9e0 BOOM5a                           010178c0 DEATHCNT
ffe0aa60 BOOM5b                           010178d0 GRAMEND
ffe0aae0 BOOM5c                           010178d0 BAKSTAKP
ffe0ab60 BOOM6                            010178d0 WRAMEND
010001a0 BOOTY                            010178f0 BAKSTAKE
ffc26940 BOTHPON                          01019540 BAKSTAKS
010565a0 BOTQ0CNT                         01019540 OBJSTAKP
01095620 BOTQ0                            01019560 OBJSTAKE
010565e0 BOTQ0FLG                         0101ae60 OBJSTAKS
010a4620 BOTQ1                            0101ae60 STRNGRAM
010565b0 BOTQ1CNT                         0101afa0 NRAMEND
010565f0 BOTQ1FLG                         0101afa0 BTIME
ffc12f20 BOUNCER                          0101afb0 TVPATCH
ffc58ee0 BOZCHK                           0101b190 SPRAYS
ffc54c60 BOZOCARD                         0101b190 TVPATCHX
01007f10 BPALRAM                          0101b1b0 BAD_AUD
ffcff080 BRECOIL                          0101b1f0 C_FLAGS
ffcff0d0 BRECOILF                         0101b260 MAIN_RET
fff16370 BRIDGE                           0101b270 GMENULEV
ffedd4e0 BRIDGE2BMOD                      0101b280 SND_MADE
ffedd570 BRIDGEBMOD                       0101b290 NO_CLEAR
ffedb900 BRIDGENDBMOD                     0101b2a0 LAST_BUT
fff17060 BRIDPALS                         0101b2d0 SCODE
ffc3da10 BSCHKG                           0101b2e0 DCODE
ffc3f340 BSTOP                            0101b310 TIMER
0101afa0 BTIME                            0101b330 OVERLOAD
ffec3a20 BUCKBLIP                         0101b340 PRCSTR
0100d510 BUCKCNT                          01056440 SCROLLX
ffc55b20 BUCKCOLD                         01056460 SCROLLY
ffe90480 BUGBAIT                          01056480 WORLDTLX
ffd48bc0 BUGBITE                          010564a0 WORLDTLY
ffec5120 BUGBLIP                          010564c0 WORLDTL
ffca3400 BUGBURN                          010564e0 SCRNTL
0100d7e0 BUGCNT                           01056500 SCRNLR
ffc9b0d0 BUGCOLD                          01056520 BAK2TLY
ffe58820 BUGHTSND                         01056540 BAK2TLX
ffdc35a0 BUGRBAK                          01056560 QSYNC
ffe9a150 BUGRDSP                          01056570 DMAQCUR
ffd2b2a0 BUGRMCOL                         01056590 DMAQCNT
ffdb5d80 BUILD_ST                         010565a0 BOTQ0CNT
fff61750 BULLET45                         010565b0 BOTQ1CNT
fff616d0 BULLETE                          010565c0 TOPQ0CNT
fff61650 BULLET                           010565d0 TOPQ1CNT
ffd48800 BULLHIT                          010565e0 BOTQ0FLG
ffc44300 BULLRET1                         010565f0 BOTQ1FLG
ffc4c390 BULLRET2                         01056600 TOPQ0FLG
ffe59230 BULLRSND                         01056610 TOPQ1FLG
ffc0ff60 BURN_IN                          01056620 OBJSTR
ffc52ab0 BUSTAMP                          01095620 BOTQ0
ffe593b0 BUSTBONS                         010a4620 BOTQ1
fff59d50 BUSTED                           010b3620 TOPQ0
fff59cd0 BUSTICON                         010c2620 TOPQ1
ffe59370 BUSTSND                          010e0620 DISPLAYON
ffc28500 BUYINLP                          010e0850 end
ffc28040 BUYINWIN                         ffc00000 .text
0100c120 BUYNOW                           ffc00120 SETUP
ffc29c70 BWAITCLD                         ffc00370 WARMSET
ffdaa7b0 B_MENU                           ffc00970 MAINLP
ffd02460 BlowSkul                         ffc017c0 ADDBUY
ffcb52f0 BulToDat                         ffc01910 NRAMINIT
ffcba850 BullSlp                          ffc01a30 WRAMINIT
ffec2660 CADBLIP                          ffc02f10 WIPEOUT
0100d800 CADCNT                           ffc04130 MASTERDP
ffd0efe0 CADCOLD                          ffc041e0 MASTERG
ffd0f0b0 CADDISP                          ffc05090 TESTDISP
ffd0f210 CADDY                            ffc05290 GAMEOVER
ffe58ee0 CADHORN                          ffc05670 GAMEDETH
ffe58f20 CADSHLD                          ffc05e40 CLRPLAY
fff584d0 CAN1                             ffc06420 CLRBUYIN
fff58550 CAN2                             ffc06590 CLRMBIGS
fff585d0 CAN3                             ffc066f0 CLRGCARD
ffe58540 CANBCSND                         ffc068b0 WAVBONUS
ffd2e210 CANCOLL                          ffc0ef90 GETWAVE
ffd2df20 CANEXCOL                         ffc0f710 DUMDIE
ffe584c0 CANSMSND                         ffc0fa00 ERRORLOG
ffe58500 CANWPSND                         ffc0fda0 ROM_CHK
ffd0dc70 CARADDY                          ffc0fe10 SW_CHK
ffd73630 CARCHK                           ffc0fe80 COL_BARS
ffc1b610 CARDCHEK                         ffc0fef0 CROSS_H
ffc54e10 CARDCOLD                         ffc0ff60 BURN_IN
0100d400 CARDHOLD                         ffc0ffc0 CPU_CHK
ffe594c0 CARDSND1                         ffc10ad0 SWTAB
ffe59500 CARDSND2                         ffc119a0 GPALOBJ
ffd08630 CARINIT                          ffc11a70 GBPALOBJ
010001c0 CARLIST                          ffc11b40 SHVELCPY
ffe58fe0 CARREVR                          ffc11c50 SHVELFLP
ffd0de40 CARSCRTST                        ffc11c90 FLP
ffd0dbb0 CARSETZ                          ffc11cf0 OBJOFF
ffd0a0b0 CARSTOP                          ffc11d90 OBJON
ffd0aff0 CARTNKC                          ffc11e40 XZCHK
ffd0ad90 CARTNKO                          ffc11fe0 CLRPDATA
ffd09cb0 CARXVEL                          ffc120e0 DFRMGRND
ffd09de0 CARYVEL                          ffc121c0 GETBOTY
ffd09b20 CARYZVEL                         ffc12250 GETCPNT
ffd09f10 CARZVEL                          ffc12340 GETCENT
ffdb21f0 CASHBUT                          ffc12410 GETSCRRX
fff5d850 CASHMACH                         ffc124d0 GETANIX
ffe84a00 CASHMSG                          ffc12620 GETZMID
ffe59330 CASHSND                          ffc12730 CLRWORLD
ffda51d0 CAT_A0                           ffc12990 GETSCRBY
ffd34310 CBDETECT                         ffc12a50 SETZPOS
ffd9f1c0 CCOIN                            ffc12ad0 SETYFRMZ
ffd09410 CDELALL                          ffc12bd0 SETTZPOS
fff5ead0 CDOOR1                           ffc12d20 MAKSHAD
fff5eb50 CDOOR2                           ffc12d60 OFLASH
fff5ebd0 CDOOR3                           ffc12f20 BOUNCER
fff5ec50 CDOOR4                           ffc13110 SLINEVEL
fff5ecd0 CDOOR5                           ffc131e0 BBINIT
ffd34790 CEBDETCT                         ffc13350 ADDBB
ffd34110 CEDETECT                         ffc135d0 DELBB
ffc46c20 CEXPLODE                         ffc136a0 ISBB
ffe58d60 CEXSND1                          ffc13740 FINDBB
ffe58da0 CEXSND2                          ffc13b90 ISBBID
ffd0abb0 CFLIPART                         ffc13cd0 ISBBBLP
fff5e5d0 CFRAG1                           ffc13df0 DELBBOBJ
fff5e650 CFRAG2                           ffc13ff0 BBWIPE
fff5e6d0 CFRAG3                           ffc14160 MYOINIT
fff5e750 CFRAG4                           ffc142c0 MYOINITF
fff5e7d0 CFRAG5                           ffc143c0 MYOINITB
ffe12860 CFSHRAPA                         ffc14810 SLSTINIT
ffe13a50 CFSHRAPB                         ffc149e0 ADDSBOBJ
ffedc560 CHECKSBMOD                       ffc14a70 ADDSUPP
fff54760 CHEMPALS                         ffc14ac0 DELSBOBJ
ffd2af40 CHINACOLL                        ffc14b50 DELSUPP
fff5d0d0 CHINADR1                         ffc14e00 ISSUPP
fff5d150 CHINADR2                         ffc14ef0 ISSUPPID
fff5d1d0 CHINADR3                         ffc15020 CNTSUPP
ffe2d9a0 CHINAPAL                         ffc15100 RANDOM
ffc19d70 CHKRANGE                         ffc15260 RANDU
ffda9980 CHK_CMOS                         ffc152f0 SRAND
ffcfa630 CHNKTBL1                         ffc153a0 RANGRAND
ffcfa910 CHNKTBL2                         ffc15470 RANDPER
ffcfaab0 CHNKTBL3                         ffc15540 FILLAREA
ffcfaed0 CHNKTBL4                         ffc15570 BLNKAREA
ffcfafd0 CHNKTBL5                         ffc15660 LOADATAB
ffcff400 CHNKTINI                         ffc156d0 PFRAME
ffd556c0 CHOFCOLD                         ffc157d0 CKOUTOFX
ffea13f0 CHOPBAK                          ffc15950 CKBOUNDS
ffec5440 CHOPBLIP                         ffc15ca0 CKZBOUND
0100d820 CHOPCNT                          ffc15ea0 CKZADJST
ffd4d3d0 CHOPCOLD                         ffc160b0 CKZAMIN
ffe59900 CHOPCRUZ                         ffc16290 PSTOP
ffd4d650 CHOPDISP                         ffc162c0 PSTOPX
ffe9c9c0 CHOPDSP                          ffc16390 PSTOPZ
ffd58d10 CHOPINTR                         ffc16550 PSTOPYZ
0100d720 CHOPRB                           ffc16660 YFLP
ffd4d4a0 CHOPST                           ffc166e0 NOYFLP
ffd2b570 CHOPWCOL                         ffc167d0 PSWLR
ffd55790 CHORCOLD                         ffc16820 SYNCUP
ffcff2c0 CHUNKINI                         ffc168d0 SYNCHALF
fff048e0 CITYPAL1                         ffc16930 SYNCFULL
fff058f0 CITYPAL2                         ffc169f0 DTIME
ffc15950 CKBOUNDS                         ffc16af0 DMAN
ffc1a6f0 CKBUST                           ffc16b20 DMAWAIT
ffd0ed80 CKCRESET                         ffc16ba0 DMAQWAIT
ffd3fdb0 CKLBADJ                          ffc16d00 DMAHALT
ffd3fa40 CKLXBND                          ffc16d80 CMAPRS
ffd3fc40 CKLZBND                          ffc16d90 CMAPSL
ffc1abb0 CKMAXBST                         ffc16e20 CRINIT
ffd33730 CKOBJXY                          ffc16f00 CRLOAD
ffc157d0 CKOUTOFX                         ffc17010 SCRCLR
ffdb1920 CKPROMPT                         ffc17020 SCRFIL
ffde3b30 CKSNDPRI                         ffc17130 LAST2CLR
ffc20770 CKYBOUND                         ffc17180 SETPPROC
ffc15ea0 CKZADJST                         ffc172b0 CLR_SCRN
ffc160b0 CKZAMIN                          ffc172b0 clr_scrn
ffc15ca0 CKZBOUND                         ffc17490 ENINITUL
ffdaa700 CK_DOOR                          ffc17500 ENINITLL
ffda0590 CK_MAX                           ffc17580 ENINIT
ffd0cb30 CLEFT180                         ffc175f0 ESINITUL
ffd0c7f0 CLEFT360                         ffc17660 ESINITLL
ffe58b60 CLENSND                          ffc176e0 ESINIT
ffec3aa0 CLIPBLIP                         ffc17b70 GETDOOR
0100d530 CLIPCNT                          ffc17e00 CLOZDOOR
fff70040 CLIPOBJ                          ffc17ef0 DOORRITE
ffc49de0 CLIPRYTE                         ffc17ff0 OUTDOOR
ffe59430 CLIPSND                          ffc18420 DOOROPEN
ffd6e680 CLNSNDST                         ffc188c0 DOORCLOZ
ffe84e68 CLOS1MSG                         ffc19220 GETCPLY
ffe84ee0 CLOS2MSG                         ffc195c0 SELCTPLY
ffd62d10 CLOSCALL                         ffc196c0 INPYRNG
ffefcb70 CLOUDBMOD                        ffc197c0 INPXRNG
ffc17e00 CLOZDOOR                         ffc19900 GPLAYERD
ffd4c3e0 CLRBPAL                          ffc19a20 GETPBOTY
ffc06420 CLRBUYIN                         ffc19b10 FACEPLYR
ffd4c350 CLRFPAL                          ffc19c60 GETPLYR
ffc066f0 CLRGCARD                         ffc19d70 CHKRANGE
ffd240d0 CLRGOAL                          ffc19df0 GETPCENT
ffc06590 CLRMBIGS                         ffc19ff0 MOVEINPX
ffd61df0 CLRMESS                          ffc1a0f0 MVAWAYPX
ffcba7a0 CLROBJ                           ffc1a270 MOVEINPY
ffd4c210 CLRPAL                           ffc1a350 ISPBULLT
ffc11fe0 CLRPDATA                         ffc1a5b0 WHICHSID
ffc05e40 CLRPLAY                          ffc1a6f0 CKBUST
ffde2c30 CLRSNDDB                         ffc1abb0 CKMAXBST
ffc12730 CLRWORLD                         ffc1ac90 GBUST
ffda3390 CLR_AUDR                         ffc1b2c0 DROPSTUF
ffda3810 CLR_AUD                          ffc1b610 CARDCHEK
ffc172b0 CLR_SCRN                         ffc1b830 WENDIE
ffda3300 CLR_SUBS                         ffc1c160 WEND3
ffd0b670 CLTURN                           ffc1c2f0 WROCK
ffec3b50 CLWNBLIP                         ffc1c920 WEXPD
ffd6e8d0 CLWNCOLD                         ffc1d700 ADDBUCKS
ffd76e20 CLWNCRM1                         ffc1d830 ADDDRUGS
0100d6d0 CLWNMAX                          ffc1d960 ADDROCKS
0100d6f0 CLWNSHT                          ffc1da90 ADDCLIPS
0100d6e0 CLWNSPD                          ffc1dbc0 DELENEMY
ffdc3740 CLWRBAK                          ffc1dcc0 GRUNTRND
ffe98e10 CLWRDSP                          ffc1de80 GETLZVEL
ffd2b330 CLWRMCOL                         ffc1df90 GETYZVEL
ffc16d80 CMAPRS                           ffc1e460 GCUBEVEL
ffc16d90 CMAPSL                           ffc1e910 GIBOX
ffda38c0 CMOS_VAL                         ffc1ebe0 MAXIMUM
ffd098e0 CNEWPAL                          ffc1ec40 MINIMUM
ffc15020 CNTSUPP                          ffc1eca0 MAKTPROC
ffda2b70 COIN_PAG                         ffc1eee0 TRAJEC
ffe30220 COLMNPAL                         ffc1f1e0 TRAJEC1
ffd4aab0 COLRSTRT                         ffc1f7b0 DBOUNCE
0100b350 COLRTEMP                         ffc1fc30 DTBOUNCE
0100b4e0 COLRTEND                         ffc202f0 DSINK
ffd33230 COLSCAN1                         ffc20430 ESINK
fff5cfd0 COLUMN1                          ffc20510 OSINK
fff5d050 COLUMNB                          ffc20710 DUMCOLL
ffc0fe80 COL_BARS                         ffc20740 DUMRTSG
ffda9510 COL_INST                         ffc20770 CKYBOUND
ffc22920 COPYOBJ                          ffc20910 GSCRIPT
ffe84830 COPYRMSG                         ffc20980 BASFRM
ffd339f0 CPCOLADJ                         ffc20a30 EFRAME
ffc0ffc0 CPU_CHK                          ffc20b90 FRANIM
ffd61a50 CRCMESS                          ffc215c0 ANIMATOR
ffcc0e00 CRDTPAGE                         ffc217b0 ANIMATCK
ffda0cd0 CRD_SCRN                         ffc21b90 SCRKIL
fff51910 CREAM1                           ffc21f70 MUSICSYN
ffda0840 CRED_P                           ffc221c0 XPALETTE
ffd0e640 CRESET                           ffc223b0 XCOLOR
01007b00 CRIMEPAL                         ffc22590 AUTOEOFF
ffd63cf0 CRIME                            ffc226c0 AUTOEON
0100bdd0 CRIMENO                          ffc22830 MAKOBJZ
ffc16e20 CRINIT                           ffc22920 COPYOBJ
ffc16f00 CRLOAD                           ffc22a70 STRLNRM
ffc0fef0 CROSS_H                          ffc22ae0 STRCNRM
ffd0b250 CRTURN                           ffc22b50 STRRNRM
ffd0ca30 CRYTE180                         ffc22bc0 STRLINV
ffd0c680 CRYTE360                         ffc22c30 STRCINV
ffd9eb70 CR_CONTP                         ffc22ca0 STRLNRMO
ffd9e9f0 CR_STRTP                         ffc22d30 STRCNRMO
ffe5a690 CSELCT                           ffc235d0 STRNGLEN
ffd0e4a0 CSHADST                          ffc237c0 HEXTOASC
fff5ed50 CSHELLL                          ffc239f0 PPOSADDX
fff5edd0 CSHELLR                          ffc23c30 ESCAPEJ
fff5e850 CSHRAP1                          ffc23df0 INVINCO
fff5e8d0 CSHRAP2                          ffc24140 INVINCNF
fff5e950 CSHRAP3                          ffc243d0 PXFERCRD
fff5e9d0 CSHRAP4                          ffc243e0 SLOWPCAR
fff5ea50 CSHRAP5                          ffc245e0 POUTOFRK
fff5d950 CSHRAPA1                         ffc246b0 PFLYNDIE
fff5d9d0 CSHRAPA2                         ffc257f0 PFLASH2
fff5da50 CSHRAPA3                         ffc259b0 PIJDECEL
fff5dad0 CSHRAPA4                         ffc25e70 PDELETE
fff5db50 CSHRAPA5                         ffc26540 PLEGOFF
fff5dbd0 CSHRAPB1                         ffc26680 PLEGON
fff5dc50 CSHRAPB2                         ffc267e0 PTORSON
fff5dcd0 CSHRAPB3                         ffc26940 BOTHPON
fff5dd50 CSHRAPB4                         ffc26ab0 TSHADST1
fff5ddd0 CSHRAPB5                         ffc26af0 TSHADST2
fff5de50 CSHRAPC1                         ffc26bd0 LSHADST1
fff5ded0 CSHRAPC2                         ffc26c10 LSHADST2
fff5df50 CSHRAPC3                         ffc26d00 TSHADDL1
fff5dfd0 CSHRAPC4                         ffc26d40 TSHADDL2
fff5e050 CSHRAPC5                         ffc26e50 LSHADDL1
fff5e0d0 CSHRAPD1                         ffc26e90 LSHADDL2
fff5e150 CSHRAPD2                         ffc26fb0 PCONTST
fff5e1d0 CSHRAPD3                         ffc27210 OWINDOW
fff5e250 CSHRAPD4                         ffc27590 CWINDOW
fff5e2d0 CSHRAPD5                         ffc28040 BUYINWIN
fff5e350 CSHRAPE1                         ffc28500 BUYINLP
fff5e3d0 CSHRAPE2                         ffc29c70 BWAITCLD
fff5e450 CSHRAPE3                         ffc2b680 GAMEOTXT
fff5e4d0 CSHRAPE4                         ffc2ba30 DUMPWTCH
fff5e550 CSHRAPE5                         ffc2bc30 AUDPLWAV
ffd0ba90 CSTRAYTE                         ffc2bf60 FLYTOPL
00000033 CS_ENTS                          ffc2c1e0 BONUSCR
ffdb17d0 CS_POINT                         ffc319b0 WAVEINIT
01008730 CURPAL                           ffc32470 GOALXFER
ffe5a2f0 CVSDFOFF                         ffc32590 KILLWAVE
ffe5a2b0 CVSDOFF                          ffc32b30 WAVEEND
ffd0cd00 CWHLSPD                          ffc33970 GAMEEND
ffd0a950 CWHLSTOP                         ffc35380 INITFGND
ffc27590 CWINDOW                          ffc35450 INITBGND
fff5d8d0 CWRECK                           ffc36990 WHIPTHRU
ffd0a180 CXACCEL                          ffc37820 SKYUP
ffd0a320 CXACCELA                         ffc38c90 NEWBGND
ffd0a350 CXACCELB                         ffc3b3e0 OLDBGND
ffda9340 CYAN_BOX                         ffc3d0c0 BBOFSCRN
0101b1f0 C_FLAGS                          ffc3da10 BSCHKG
ffcb5570 CentDist                         ffc3f340 BSTOP
ffcb6190 CkDest                           ffc3f490 MAKFBOBJ
ffcb7a10 Ck_NOYFLP                        ffc3f8e0 SKYDOWN
ffcb7810 Ck_YFLP                          ffc3fab0 EXPANDS
ffcb5f20 ClipDest                         ffc3fc40 SCBLOWUP
ffcb5fc0 ClipZDst                         ffc3fcf0 SCREXP32
ffcb8d20 ClosestFP                        ffc40590 BGNDHGHT
ffcb8a60 ClosestP                         ffc411a0 BGND_UD1
ffcba2f0 ClrVel                           ffc41440 BGND_UD2
ffc1f7b0 DBOUNCE                          ffc428d0 EBULL45
0100c100 DCCOUNT                          ffc42a90 EDBULLET
0101b2e0 DCODE                            ffc42ab0 EBULLET
010178c0 DEATHCNT                         ffc42c60 EROCKET
ffd99730 DEC_HSR                          ffc42e00 P1BULL
ffda40d0 DEF_PAGE                         ffc42ec0 P2BULL
fff71460 DELB2OBJ                         ffc42f80 P1CARBUL
ffc135d0 DELBB                            ffc43040 P2CARBUL
ffc13df0 DELBBOBJ                         ffc43480 GBULLET
fff714c0 DELBOBJ                          ffc44300 BULLRET1
ffd097d0 DELCBODY                         ffc45d00 REXPLODE
ffc1dbc0 DELENEMY                         ffc46c20 CEXPLODE
fff71680 DELOBJ                           ffc47850 TEXPLODE
ffd4be40 DELPAL                           ffc49de0 CLIPRYTE
ffc14ac0 DELSBOBJ                         ffc4c220 BCOLL1
fff71520 DELSHAD                          ffc4c390 BULLRET2
fff71600 DELSOBJ                          ffc4c3b0 DUMRTS
ffc14b50 DELSUPP                          ffc4c560 BCOLDDMP
fff16130 DEMOPALS                         ffc4c5e0 BCOLDCAN
ffd2b7b0 DENDCOLB                         ffc4c660 BCOLDPST
ffd2b840 DENDCOLGR                        ffc4c6a0 BCOLDSID
ffd2b600 DENDCOLL                         ffc4c870 DINGANI
ffd2b720 DENDCOLR                         ffc4e4e0 DROPCARD
ffd2b690 DENDCOLS                         ffc4e800 DROPBUCK
ffc120e0 DFRMGRND                         ffc4e970 DROPCLIP
ffcb5040 DFrmGrnd                         ffc4ea60 DROPROCK
ffda8810 DIAG_EX                          ffc4eb50 DROPDRUG
ffda85e0 DIAG                             ffc4f650 TRNKBUCK
0100d500 DIFRAM                           ffc4f750 TRNKCLIP
ffda9720 DIGSRT                           ffc4f850 TRNKROCK
fff59850 DING45A                          ffc4f950 TRNKDRUG
fff598d0 DING45B                          ffc52ab0 BUSTAMP
fff59950 DING90A                          ffc54c60 BOZOCARD
fff599d0 DING90B                          ffc54e10 CARDCOLD
ffc4c870 DINGANI                          ffc55b20 BUCKCOLD
ffe58480 DINGCANR                         ffc56490 DRUGCOLD
ffe58400 DINGDUMP                         ffc56c50 GOLDCOLD
ffe58440 DINGPSTR                         ffc57f10 WEEDCOLL
ffcfd830 DIRANI                           ffc58b30 LOFCOLD
ffda6970 DISPDUMP                         ffc58ee0 BOZCHK
fff75f40 DISPH                            ffc5a250 SWAPAL0
010e0620 DISPLAYON                        ffc5fb70 LOFDFLA
fff745f0 DISPLAY                          ffc5fc50 LDEXP1
fff744c0 DISPQT                           ffc5ff00 LOFDROCK
ffc16d00 DMAHALT                          ffc5ff70 LOFRAG1
fff75800 DMAINT                           ffc60130 LOFRAG2
ffc16af0 DMAN                             ffc602f0 LOFRAG3
01056590 DMAQCNT                          ffc604b0 LOFRAG4
01056570 DMAQCUR                          ffc606d0 LOFDEXP
ffc16ba0 DMAQWAIT                         ffc60a90 LOFDEXP1
ffc16b20 DMAWAIT                          ffc61890 LOFFCRM1
ffdc3a80 DMPRBAK                          ffc626b0 PIMPCOLD
ffe9a600 DMPRDSP                          ffc70b60 PIMPCRM1
ffd2b3c0 DMPRMCOL                         ffc714a0 GANGCOLD
ffdae1a0 DOBORDER                         ffc7cd20 GANGCRM1
ffe905b0 DOGBAIT                          ffc7ebb0 HYPOCOLD
ffec4fa0 DOGBLIP                          ffc89ff0 HYPOCRM1
0100d830 DOGCNT                           ffc8b850 NHYPO
ffd77420 DOGCOLD                          ffc8b890 SHYPO
0100d730 DOGMAX                           ffc90af0 HOOKCOLD
ffdc3400 DOGRBAK                          ffc96fc0 dynamite
ffe98150 DOGRDSP                          ffc9b0d0 BUGCOLD
ffd2b180 DOGRMCOL                         ffca3400 BUGBURN
0100d740 DOGSPD                           ffca4120 MBIGCOLD
ffc188c0 DOORCLOZ                         ffca5860 MB_MOVE
ffe59120 DOORCSND                         ffcb3c60 BIGBULL
ffc18420 DOOROPEN                         ffcb3fb0 MBIGCRM1
ffe590e0 DOOROSND                         ffcb4730 MovePlyr
ffc17ef0 DOORRITE                         ffcb4940 SetAniP
ffedbab0 DOORSBMOD                        ffcb4b90 ZCHEK
fff59a50 DOPE1                            ffcb4e90 ShadOn
fff59ad0 DOPE2                            ffcb4ef0 ShadOff
fff59b50 DOPE3                            ffcb4f70 GetPLZMID
fff59c50 DOPEICON                         ffcb5040 DFrmGrnd
0100c140 DOPESYM                          ffcb5120 OidToDat
ffd2b0f0 DORNCOLL                         ffcb5160 GetPData
ffdbeba0 DO_ADJH                          ffcb52f0 BulToDat
fff58150 DRIVEF1                          ffcb5470 GetMidZ
fff581d0 DRIVEF2                          ffcb5570 CentDist
fff58250 DRIVEF3                          ffcb5650 GetOnScr
fff582d0 DRIVEF4                          ffcb5950 DestOk
fff57c50 DRIVER1                          ffcb5c90 SCRNCLIP
fff57cd0 DRIVER2                          ffcb5f20 ClipDest
fff57d50 DRIVER3                          ffcb5fc0 ClipZDst
fff57dd0 DRIVER4                          ffcb6060 SCRNZCLP
fff57e50 DRIVER5                          ffcb6190 CkDest
ffd0d740 DRIVERAN                         ffcb6470 GoDestD
ffc4e800 DROPBUCK                         ffcb6c10 GoDestV
ffc4e4e0 DROPCARD                         ffcb7510 T_YFLP
ffc4e970 DROPCLIP                         ffcb7690 T_NOYFLP
ffc4eb50 DROPDRUG                         ffcb7810 Ck_YFLP
ffc4ea60 DROPROCK                         ffcb7a10 Ck_NOYFLP
ffc1b2c0 DROPSTUF                         ffcb7c10 ZOFF
ffec3dd0 DRUGBLIP                         ffcb7e60 NEAR_BUL
0100d500 DRUGCNT                          ffcb8200 FACINGOB
ffc56490 DRUGCOLD                         ffcb8370 FACEOBJ
ffe99520 DRUGRDSP                         ffcb8450 FaceObj
ffe593f0 DRUGSND                          ffcb8530 FACEBULL
fff60f50 DRUM                             ffcb8590 FACEAWAY
fff57ed0 DRVDTH1                          ffcb86b0 FACEFWD
fff57f50 DRVDTH2                          ffcb8710 FACEBKWD
fff57fd0 DRVDTH3                          ffcb8770 NEARPLYR
fff58050 DRVDTH4                          ffcb8a60 ClosestP
fff580d0 DRVDTH5                          ffcb8d20 ClosestFP
ffe58b20 DSH2SND                          ffcb9140 Flee
ffe58aa0 DSHTSND                          ffcb99b0 FleeObj
ffc202f0 DSINK                            ffcb9d70 HuntObj
fff586d0 DSLIME                           ffcb9d90 HuntObj0
ffc1fc30 DTBOUNCE                         ffcb9e60 ShortXDest
ffc169f0 DTIME                            ffcb9f10 MAX
ffc20710 DUMCOLL                          ffcb9f50 MIN
ffc0f710 DUMDIE                           ffcb9f90 ABSMAX
ffec2c80 DUMPBLIP                         ffcba040 ABSINC
0100d6b0 DUMPBTT                          ffcba0a0 ABSDEC
ffd671c0 DUMPCOLD                         ffcba110 ABSSUB
0100d690 DUMPMAX                          ffcba1c0 ABSADD
ffe2bb40 DUMPPAL                          ffcba220 XTOZSIZE
fff58650 DUMP                             ffcba2f0 ClrVel
0100d7a0 DUMPCNT                          ffcba370 UpdShadV
ffd2e420 DUMPCOLL                         ffcba490 NEAR_BTY
ffd6e190 DUMPCRM1                         ffcba4c0 NEAR_OBJ
ffd11f70 DUMPROC                          ffcba6f0 ON_SLIST
0100d6c0 DUMPSHT                          ffcba7a0 CLROBJ
0100d6a0 DUMPSPD                          ffcba850 BullSlp
ffc2ba30 DUMPWTCH                         ffcbaab0 SyncAnim
ffda63c0 DUMP_FS                          ffcbad20 SumSlp
ffd0ba60 DUMRETP                          ffcbaed0 SPLTCOLBOX
ffc4c3b0 DUMRTS                           ffcbb0b0 SPLTCOLANI
ffc20740 DUMRTSG                          ffcbb290 SPLATANI
ffe8a840 DUMSCRIP                         ffcbbaf0 SPLATBOX
ffcb5950 DestOk                           ffcbc350 SPLATS
ffe583c0 EBSND                            ffcbc7b0 PUT1K
ffc428d0 EBULL45                          ffcbc810 PUT2x5K
ffc42ab0 EBULLET                          ffcbc870 PUT5K
0100d8c0 ECNTEND                          ffcbc8d0 PUT10K
0100d750 ECNTRS                           ffcbc930 PUT25K
ffc42a90 EDBULLET                         ffcbcae0 PUTBONUS
ffc20a30 EFRAME                           ffcbd940 LTWRDPT
0100d750 ENDIFRAM                         ffcbda60 LINEPT
01000160 ENEMIES                          ffcbf490 PRECRIM2
01000140 ENEMY_BULLETS                    ffcbf4b0 PRECRIME
ffc17580 ENINIT                           ffcbfdf0 POSTCRIME
ffc17500 ENINITLL                         ffcc0740 FBIBADGE
ffc17490 ENINITUL                         ffcc0e00 CRDTPAGE
ffc42c60 EROCKET                          ffcc0e20 TITLPAGE
ffc0fa00 ERRORLOG                         ffcc3a10 MSUCLEAR
ffc23c30 ESCAPEJ                          ffccc760 VSCAN
ffc17660 ESINITLL                         ffcd0920 RAMBCOLD
ffc176e0 ESINIT                           ffcdda90 RAMBCRM1
ffc175f0 ESINITUL                         ffcde4f0 MAKEFLAM
ffc20430 ESINK                            ffcde7b0 GROWFLAM
ffedc050 EUGBMOD                          ffce1800 HEADCOLD
ffe84cd8 EVIMSG                           ffce86e0 HEADCOLL
fff71ff0 EXISTOBJ                         ffce87d0 TUNGCOLL
ffde2670 EXISTP                           ffce88c0 BASECOLL
ffec2de0 EXITBLIP                         ffcf07b0 SPNECOLL
fff5d4d0 EXITSIGN                         ffcf9b30 InitTbls
ffc3fab0 EXPANDS                          ffcfa4f0 SpineIni
010001e0 EXPLOSIONS                       ffcfa630 CHNKTBL1
ffe84ac0 EXTRAMSG                         ffcfa910 CHNKTBL2
ffd994e8 E_BRUSH                          ffcfaab0 CHNKTBL3
ffd9a000 E_GAME                           ffcfaed0 CHNKTBL4
ffd7ef10 E_INITS                          ffcfafd0 CHNKTBL5
0000000d F1SEL                            ffcfd830 DIRANI
ffcb8590 FACEAWAY                         ffcfe020 TUNGFLEX
ffcb8710 FACEBKWD                         ffcfe850 TUNGFLXF
ffcb8530 FACEBULL                         ffcff080 BRECOIL
ffcb86b0 FACEFWD                          ffcff0d0 BRECOILF
ffcb8370 FACEOBJ                          ffcff120 RRECOIL
ffc19b10 FACEPLYR                         ffcff170 RRECOILF
ffcb8200 FACINGOB                         ffcff1c0 KABOOM
ffda4190 FAC_SET                          ffcff240 KABOOMF
ffdb3ff0 FAC_STUF                         ffcff2c0 CHUNKINI
ffe5a100 FADEDOWN                         ffcff400 CHNKTINI
ffe5a010 FADEUP                           ffcff540 BONEINI
01000290 FADE_RAM                         ffcff680 FLYSPINE
ffeefb80 FANNYCOBMOD                      ffcff750 FLYSKULL
ffedc680 FASSGRLBMOD                      ffd02460 BlowSkul
ffcc0740 FBIBADGE                         ffd02b60 jawbite
ffc15540 FILLAREA                         ffd02de0 jawbitef
ffc13740 FINDBB                           ffd04100 SDIRANI
ffd0e2d0 FINDMVP                          ffd043c0 FIRETUNG
ffd4bec0 FINDPAL                          ffd064b0 baseflsh
ffd043c0 FIRETUNG                         ffd073f0 MkNuke
fff59ed0 FLHD1A                           ffd08630 CARINIT
fff59f50 FLHD1B                           ffd09410 CDELALL
fff59fd0 FLHD1C                           ffd097d0 DELCBODY
fff5a050 FLHD2A                           ffd098e0 CNEWPAL
fff5a0d0 FLHD2B                           ffd09b20 CARYZVEL
fff5a150 FLHD2C                           ffd09cb0 CARXVEL
fff58850 FLHIT1                           ffd09de0 CARYVEL
fff588d0 FLHIT2                           ffd09f10 CARZVEL
fff58950 FLHIT3                           ffd0a0b0 CARSTOP
ffc11c90 FLP                              ffd0a180 CXACCEL
fff5a1d0 FLTLA                            ffd0a320 CXACCELA
fff5a250 FLTLB                            ffd0a350 CXACCELB
fff5a2d0 FLTLC                            ffd0a950 CWHLSTOP
ffcff750 FLYSKULL                         ffd0aae0 KILLCARP
ffcff680 FLYSPINE                         ffd0abb0 CFLIPART
ffc2bf60 FLYTOPL                          ffd0ad90 CARTNKO
ffdd0930 FORHEAD                          ffd0aff0 CARTNKC
ffda3920 FORM_ADC                         ffd0b250 CRTURN
ffdacee0 FORM_SWS                         ffd0b670 CLTURN
ffdcd6b0 FORSILV                          ffd0ba60 DUMRETP
01007d30 FPALRAM                          ffd0ba90 CSTRAYTE
ffc20b90 FRANIM                           ffd0be80 WHLSTR
fff710d0 FREEOBJ                          ffd0c680 CRYTE360
01000020 FREE                             ffd0c7f0 CLEFT360
fff70c40 FREEOBJE                         ffd0ca30 CRYTE180
ffd4c920 FREEPAL                          ffd0cb30 CLEFT180
ffe59840 FREESND                          ffd0cd00 CWHLSPD
fff70bb0 FREESOBJ                         ffd0d740 DRIVERAN
ffe58c20 FREZSND                          ffd0dbb0 CARSETZ
ffe58e60 FSIZZSND                         ffd0dc70 CARADDY
ffda3af0 F_ADC_S                          ffd0de40 CARSCRTST
ffdadeb0 F_TITLE                          ffd0e020 ISREVERS
ffcb8450 FaceObj                          ffd0e2d0 FINDMVP
ffcb9140 Flee                             ffd0e4a0 CSHADST
ffcb99b0 FleeObj                          ffd0e640 CRESET
00000009 G1SEL                            ffd0ed80 CKCRESET
ffc05670 GAMEDETH                         ffd0eea0 SINKCARC
ffc33970 GAMEEND                          ffd0efe0 CADCOLD
ffc2b680 GAMEOTXT                         ffd0f0b0 CADDISP
ffc05290 GAMEOVER                         ffd0f210 CADDY
0100d4f0 GAMERASE                         ffd11f70 DUMPROC
ffe849b0 GAMOVMSG                         ffd16c90 PORINTRO
ffe59980 GAMOVSND                         ffd17fc0 P1IJDECL
0100bcf0 GAMSTATE                         ffd18030 P2IJDECL
ffec5940 GANGBLIP                         ffd185c0 PORTRANS
0100d7c0 GANGCNT                          ffd19790 PORSCOLD
ffc714a0 GANGCOLD                         ffd1bf90 PCDRIVRC
ffc7cd20 GANGCRM1                         ffd1c5e0 PDRIVXWW
fff735a0 GANIOF                           ffd1d350 MINECOLD
fff72730 GANISAG                          ffd1e530 WEEDCOLD
fff5d3d0 GARAGE1                          ffd1eed0 NEXAIR
ffe84fa8 GAYMSG                           ffd1ef10 NEXPLODE
ffc11a70 GBPALOBJ                         ffd1f520 NEXINIT
ffc43480 GBULLET                          ffd1f8d0 NUCLEXP
ffc1ac90 GBUST                            ffd240d0 CLRGOAL
ffc1e460 GCUBEVEL                         ffd24b90 SILVDP
ffda88e0 GEN_MENU                         ffd24bf0 REDDP
ffde2820 GETA10                           ffd24c50 BLUEDP
ffde27a0 GETA11                           ffd24cb0 GOLDDP
ffde2940 GETA8                            ffd24d10 HEADDP
ffde28b0 GETA9                            ffd28e90 GETSUBDR
fff73470 GETANIXY                         ffd290c0 SUBOPEN
ffc124d0 GETANIX                          ffd2af40 CHINACOLL
ffc121c0 GETBOTY                          ffd2afd0 LOFHCOLL
ffd4c5f0 GETBPAL                          ffd2b060 BIGINCOL
fff593d0 GETCASH1                         ffd2b0f0 DORNCOLL
fff59450 GETCASH2                         ffd2b180 DOGRMCOL
ffc12340 GETCENT                          ffd2b210 SUBRMCOL
fff59550 GETCLIP                          ffd2b2a0 BUGRMCOL
ffc19220 GETCPLY                          ffd2b330 CLWRMCOL
ffc12250 GETCPNT                          ffd2b3c0 DMPRMCOL
ffc17b70 GETDOOR                          ffd2b450 GRNHSCOL
fff59bd0 GETDOPE                          ffd2b4e0 LABCOL
ffd4c470 GETFPAL                          ffd2b570 CHOPWCOL
ffc1de80 GETLZVEL                         ffd2b600 DENDCOLL
fff709d0 GETOBJ                           ffd2b690 DENDCOLS
ffc19a20 GETPBOTY                         ffd2b720 DENDCOLR
ffc19df0 GETPCENT                         ffd2b7b0 DENDCOLB
ffc19c60 GETPLYR                          ffd2b840 DENDCOLGR
ffde21f0 GETPRC                           ffd2b960 SENDCOLS
fff594d0 GETROCK                          ffd2b9f0 SENDCOLR
ffc12990 GETSCRBY                         ffd2ba80 SENDCOLB
ffc12410 GETSCRRX                         ffd2bb10 SENDCOLGR
ffdac8e0 GETSTICK                         ffd2bba0 SLOTCOLS
ffd28e90 GETSUBDR                         ffd2bc30 SLOTCOLR
ffc0ef90 GETWAVE                          ffd2bcc0 SLOTCOLB
ffc1df90 GETYZVEL                         ffd2bd50 SLOTCOLG
ffc12620 GETZMID                          ffd2bde0 SLOTCOLH
ffda3bd0 GET_ADJ                          ffd2be70 SLOTCOLGR
ffdaa650 GET_ADV                          ffd2bf00 SLOTCNDS
ffda30f0 GET_AUD                          ffd2bf90 SLOTCNDG
ffdb1710 GET_CSPT                         ffd2c020 SAFECOLL
ffda4c00 GET_CSTR                         ffd2df20 CANEXCOL
ffda9d30 GET_FAC                          ffd2e210 CANCOLL
ffd99aa0 GET_HSC                          ffd2e420 DUMPCOLL
ffd9be50 GET_HSCR                         ffd2e630 ATSTRT
ffefe280 GHSINTBMOD                       ffd2f0c0 ATTPLAY
ffefe1f0 GHSINTDRBMOD                     ffd33230 COLSCAN1
fff4dc30 GHSIPALS                         ffd33730 CKOBJXY
fff4ab20 GHSPALS                          ffd339f0 CPCOLADJ
ffc1e910 GIBOX                            ffd34110 CEDETECT
0100c130 GLASSCNT                         ffd34310 CBDETECT
0101b270 GMENULEV                         ffd34790 CEBDETCT
ffec3e50 GOALBLIP                         ffd34a20 P1LLINIT
0100bdf0 GOALCARD                         ffd34b50 P2LLINIT
0100be00 GOALDOOR                         ffd34c80 PLLINIT
ffc32470 GOALXFER                         ffd36bd0 P1INITTL
ffdc4440 GOLDBAK                          ffd36e50 P2INITT
ffc56c50 GOLDCOLD                         ffd37550 PLREINIT
ffd24cb0 GOLDDP                           ffd37aa0 PLWAVEST
ffdc2e80 GOLDDSP                          ffd38620 PLROOMST
fff5c0d0 GOLDTYPE                         ffd392a0 STARTINVL
fff5be50 GOLDcard                         ffd39580 PLLAYER
fff1ae60 GOLGesca                         ffd3e200 PLSTOP
ffdbb9b0 GO_ADJ                           ffd3eab0 PLAYERON
ffdb2190 GO_DIAG                          ffd3ed90 PLAYEROF
ffc119a0 GPALOBJ                          ffd3ef00 PLAYERCON
ffc19900 GPLAYERD                         ffd3f960 P_INBNDS
010178d0 GRAMEND                          ffd3fa40 CKLXBND
0100bd10 GRAMSTRT                         ffd3fc40 CKLZBND
ffe4e520 GREENLAB                         ffd3fdb0 CKLBADJ
fff5c050 GREENcard                        ffd42460 P1HYPHIT
ffdc3c20 GRNHSBAK                         ffd424e0 P2HYPHIT
ffefca50 GRNHSBMOD                        ffd42560 P1DETH
ffd2b450 GRNHSCOL                         ffd42650 P2DETH
ffefcae0 GRNHSDRBMOD                      ffd48800 BULLHIT
ffe9b950 GRNHSDSP                         ffd48940 HEADBUTT
fff5cbd0 GRNTYPE                          ffd48a80 KNIFEHIT
fff1ff40 GRNesca                          ffd48bc0 BUGBITE
ffcde7b0 GROWFLAM                         ffd48d80 HYPOHIT
ffe588a0 GRUNT1R                          ffd4aab0 COLRSTRT
ffe588e0 GRUNT2R                          ffd4b120 LINE
ffe58920 GRUNT3R                          ffd4be40 DELPAL
ffe58960 GRUNT4R                          ffd4bec0 FINDPAL
ffe589a0 GRUNT5R                          ffd4c030 INITPAL
ffc1dcc0 GRUNTRND                         ffd4c120 INITBPAL
fff72ca0 GSAGOF                           ffd4c210 CLRPAL
ffc20910 GSCRIPT                          ffd4c350 CLRFPAL
fff724e0 GSCRNREL                         ffd4c3e0 CLRBPAL
ffdadfe0 G_BORDER                         ffd4c470 GETFPAL
ffd61640 G_CRED                           ffd4c5f0 GETBPAL
ffcb5470 GetMidZ                          ffd4c920 FREEPAL
ffcb5650 GetOnScr                         ffd4cba0 UNGETPAL
ffcb5160 GetPData                         ffd4cd60 PALTRANS
ffcb4f70 GetPLZMID                        ffd4d270 PALSET
ffcb6470 GoDestD                          ffd4d3d0 CHOPCOLD
ffcb6c10 GoDestV                          ffd4d4a0 CHOPST
ffe58be0 HALTSND                          ffd4d650 CHOPDISP
fff57690 HDRMPALS                         ffd4fd70 PBOMBP1
ffdc45e0 HEADBAK                          ffd4fde0 PBOMBP2
ffec6300 HEADBLIP                         ffd556c0 CHOFCOLD
ffd48940 HEADBUTT                         ffd55790 CHORCOLD
ffce1800 HEADCOLD                         ffd57e80 XVEL2X
ffce86e0 HEADCOLL                         ffd58d10 CHOPINTR
ffd24d10 HEADDP                           ffd5b060 KILLCHOY
ffdc05d0 HEADDSP                          ffd5bbd0 SCANNER
ffdd08d0 HEADMOD                          ffd5c250 PIXQINIT
ffdc4c80 HEADNAME                         ffd5c360 PIXQADD
fff04850 HEADRBMOD                        ffd5c4b0 BLIPOFF
ffe0a760 HED3hat                          ffd5c690 BLIPON
ffe28eb0 HELBLUE                          ffd5c6c0 SCORAREA
ffe587a0 HELLBUGS                         ffd5c760 SSAREA
ffe29ec0 HELWHT                           ffd5c7b0 WAVENUM
ffc237c0 HEXTOASC                         ffd5c9e0 P1SSAREA
ffe58300 HHITEND                          ffd5ca40 P2SSAREA
ffe582c0 HHITSND                          ffd5caa0 NARQUEE
ffdb8df0 HID_P                            ffd5ce70 UPSTAT
ffedbe10 HOLEBMOD                         ffd5cf40 UPDSL
ffec4280 HOOKBLIP                         ffd5d400 SCORE2P
0100d780 HOOKCNT                          ffd5d610 SCORE
ffc90af0 HOOKCOLD                         ffd5d740 SCRIMM
ffedc200 HOTEL1BMOD                       ffd5dd60 OUTSCR
ffedbd80 HOTEL2BMOD                       ffd5e090 SCRREF
ffedba20 HOTEL3BMOD                       ffd5e6d0 ADDLIFE
fff5d450 HOTWIN1                          ffd5e850 ADDMRBIG
ffedbfc0 HQBMOD                           ffd5e920 P_MBIGS
ffd848d0 HSTDTAB                          ffd5e9d0 P_GOLD
ffda7500 HTOHXASC                         ffd5ea90 ADDNNRGY
ffe2f300 HWINPAL                          ffd5eb60 ADDROCK
fff5eed0 HYPOB02                          ffd5ec20 ADDBULL
fff5ee50 HYPOB0                           ffd5ec30 ADDNBULL
fff5ef50 HYPOB03                          ffd5ece0 ADDBUST
fff5efd0 HYPOB30                          ffd5ecf0 ADDNBUST
fff5f050 HYPOB60                          ffd5eda0 SUBLIFE
fff5f0d0 HYPOB90                          ffd5eef0 SUBNRGY
ffec44e0 HYPOBLIP                         ffd5ef00 SUBNNRGY
ffc7ebb0 HYPOCOLD                         ffd5ef40 SUBFNRGY
ffc89ff0 HYPOCRM1                         ffd5f060 SUBROCK
ffd48d80 HYPOHIT                          ffd5f160 SUBBULL
fff5f150 HYPOT0                           ffd5f220 OUTENRGY
fff5f1d0 HYPOT30                          ffd5fc10 OUTMBIGS
fff5f250 HYPOT60                          ffd5ff20 ADDCARDS
fff5f2d0 HYPOT90                          ffd5ff60 ADDCARDB
ffdae910 H_SLAVE                          ffd5ffa0 ADDCARDR
ffcb9d90 HuntObj0                         ffd5ffe0 ADDCARDG
ffcb9d70 HuntObj                          ffd60020 ADDCRDGR
ffe58ae0 IGIVSND                          ffd60110 SUBCARDS
00000040 INDIAG                           ffd60150 SUBCARDB
ffc35450 INITBGND                         ffd60190 SUBCARDR
ffd4c120 INITBPAL                         ffd601d0 SUBCARDG
ffc35380 INITFGND                         ffd60210 SUBCRDGR
ffd4c030 INITPAL                          ffd60310 OUTCARDS
ffd998c0 INIT_HSR                         ffd60ca0 OUTBULLS
ffd9c540 INIT_TAB                         ffd60dd0 OUTROCKS
ffd9c6e0 INIT_TB                          ffd60f10 OUTDRUGS
ffc197c0 INPXRNG                          ffd61050 OUTBUCKS
ffc196c0 INPYRNG                          ffd61190 OUTBUSTS
fff71180 INSB2OBJ                         ffd61640 G_CRED
fff711e0 INSBOBJ                          ffd61a50 CRCMESS
fff712c0 INSOBJ                           ffd61be0 PICKMESS
fff71240 INSSOBJ                          ffd61df0 CLRMESS
fff5cc50 INSTYPE                          ffd620b0 OUTNEXTR
01007d10 INTSYNC0                         ffd623f0 PRESCONT
01007d20 INTSYNC1                         ffd62d10 CLOSCALL
ffc24140 INVINCNF                         ffd62f40 P1MESSAG
ffc23df0 INVINCO                          ffd62f80 P2MESSAG
0100b4f0 IRQSKYE                          ffd62fb0 PMESSAGE
ffc13b90 ISBBID                           ffd63bb0 SETCRIMENO
ffc13cd0 ISBBBLP                          ffd63cf0 CRIME
ffc136a0 ISBB                             ffd671c0 DUMPCOLD
ffd9b410 ISHSTD                           ffd6e190 DUMPCRM1
ffc1a350 ISPBULLT                         ffd6e680 CLNSNDST
ffd0e020 ISREVERS                         ffd6e8d0 CLWNCOLD
ffc14e00 ISSUPP                           ffd6f900 XZCNTCK
ffc14ef0 ISSUPPID                         ffd71820 ZCHK
ffcf9b30 InitTbls                         ffd73630 CARCHK
0100d770 JRHYCNT                          ffd73c30 OIDATA
ffe27000 JRwalk                           ffd76e20 CLWNCRM1
fff5d5d0 K10IMG                           ffd77420 DOGCOLD
fff5d650 K1IMG                            ffd7eaf0 P1_INITS
fff5d750 K25IMG                           ffd7ec50 P2_INITS
fff5d550 K2x5IMG                          ffd7edb0 OP_INITS
fff5d6d0 K5IMG                            ffd7ef10 E_INITS
ffcff240 KABOOMF                          ffd81160 KIL_SPRY
ffcff1c0 KABOOM                           ffd848d0 HSTDTAB
fff03360 KASTLEBMOD                       ffd860d0 RES_SCRL
fff575d0 KASTPALS                         ffd87180 P_SCRIPT
ffde24a0 KILALL                           ffd874b0 SPR_GPAL
fff71d80 KILB2OBJ                         ffd87590 SPR_FPAL
fff71de0 KILBOBJ                          ffd88260 BINBCD
ffd0aae0 KILLCARP                         ffd88400 BCDBIN
ffd5b060 KILLCHOY                         ffd88c50 X_PL_SA3
ffde1ff0 KILL                             ffd89610 SPR_CHAR
ffc32590 KILLWAVE                         ffd99198 SC_CRAM
fff71e40 KILOBJ                           ffd991c0 P1_SPRAY
ffd81160 KIL_SPRY                         ffd99358 P2_SPRAY
0100d7b0 KNAPCNT                          ffd994e8 E_BRUSH
ffd48a80 KNIFEHIT                         ffd99590 ALL_TAB
ffe597b0 KNOCKSND                         ffd99610 TOD_TAB
fff5a950 L4ARM1                           ffd99690 P_FORK
fff5a9d0 L4ARM2                           ffd99730 DEC_HSR
fff5aa50 L4ARM3                           ffd998c0 INIT_HSR
fff5aad0 L4ARM4                           ffd99aa0 GET_HSC
fff5ab50 L4ARM5                           ffd9a000 E_GAME
fff5abd0 L4ARM6                           ffd9b410 ISHSTD
fff5ac50 L4ARM7                           ffd9b720 A2_CHECK
fff5acd0 L4ARM8                           ffd9be50 GET_HSCR
ffdc3dc0 LABBAK                           ffd9c260 PT_ENTRY
fff02230 LABBMOD                          ffd9c2f0 ROM_PTRS
ffd2b4e0 LABCOL                           ffd9c3c0 SET_PAGE
fff587d0 LAMPOST                          ffd9c540 INIT_TAB
fff58750 LAMPTOP                          ffd9c6e0 INIT_TB
fff59e50 LANDMINE                         ffd9ca00 VAL_TAB
ffc17130 LAST2CLR                         ffd9d280 RC_BYTE
0101b2a0 LAST_BUT                         ffd9d2d0 WC_BYTE
ffd9f140 LCOIN                            ffd9d2f0 RC_BYTEI
fff5b150 LCREOSOTE                        ffd9d350 RC_WORD
ffc5fc50 LDEXP1                           ffd9d4d0 RC_LONG
fff595d0 LDING1                           ffd9d5f0 RC_LONGI
fff59650 LDING2                           ffd9d650 WC_BYTEI
fff596d0 LDING3                           ffd9d6a0 WC_WORD
fff59750 LDING4                           ffd9d760 WC_WORDI
fff597d0 LDING5                           ffd9d7b0 WC_LONG
ffda4890 LD_CTAB                          ffd9d870 WC_LONGI
ffe58a60 LEGOSND                          ffd9e2c0 L_TIMER
ffe58c60 LETSGO                           ffd9e9f0 CR_STRTP
fff5bdd0 LGOAT10                          ffd9eb70 CR_CONTP
fff5b950 LGOAT1                           ffd9ecf0 P_START
fff5b9d0 LGOAT2                           ffd9ee00 P_CONT
fff5ba50 LGOAT3                           ffd9f050 NO_CREDS
fff5bad0 LGOAT4                           ffd9f140 LCOIN
fff5bb50 LGOAT5                           ffd9f1c0 CCOIN
fff5bbd0 LGOAT6                           ffd9f240 RCOIN
fff5bc50 LGOAT7                           ffd9f2c0 XCOIN
fff5bcd0 LGOAT8                           ffda0590 CK_MAX
fff5bd50 LGOAT9                           ffda0630 UNIT_CLR
ffcbda60 LINEPT                           ffda0840 CRED_P
ffd4b120 LINE                             ffda0cd0 CRD_SCRN
ffedc320 LIQBMOD                          ffda2650 SLAM_SW
fff5a550 LLEG1                            ffda2b70 COIN_PAG
fff5a5d0 LLEG2                            ffda30f0 GET_AUD
fff5a650 LLEG3                            ffda3300 CLR_SUBS
fff5a6d0 LLEG4                            ffda3390 CLR_AUDR
fff5a750 LLEG5                            ffda3680 AUD
fff5a7d0 LLEG6                            ffda3790 AUD1
fff5a850 LLEG7                            ffda3810 CLR_AUD
fff5a8d0 LLEG8                            ffda38c0 CMOS_VAL
ffda4bf0 LM_FINIS                         ffda3920 FORM_ADC
ffda4bb0 LM_SETUP                         ffda3af0 F_ADC_S
ffc15660 LOADATAB                         ffda3bd0 GET_ADJ
ffec4880 LOFBLIP                          ffda3ca0 PUT_ADJ
0100d750 LOFCNT                           ffda4030 ADJ_PAGE
ffc58b30 LOFCOLD                          ffda40d0 DEF_PAGE
ffc606d0 LOFDEXP                          ffda4190 FAC_SET
ffc60a90 LOFDEXP1                         ffda4890 LD_CTAB
ffc5fb70 LOFDFLA                          ffda4a90 L_MESS
ffc5ff00 LOFDROCK                         ffda4bb0 LM_SETUP
ffe90110 LOFEBAIT                         ffda4bf0 LM_FINIS
ffc61890 LOFFCRM1                         ffda4c00 GET_CSTR
0100d710 LOFFIRE                          ffda51d0 CAT_A0
ffd2afd0 LOFHCOLL                         ffda5850 ROM_NAME
ffe96080 LOFHDSP                          ffda63c0 DUMP_FS
0100d700 LOFMAX                           ffda6460 ADD_DUMP
ffe8ffe0 LOFPBAIT                         ffda6970 DISPDUMP
ffc5ff70 LOFRAG1                          ffda6c00 WAIT_MUT
ffc60130 LOFRAG2                          ffda7500 HTOHXASC
ffc602f0 LOFRAG3                          ffda77a0 STRCAT
ffc604b0 LOFRAG4                          ffda8150 RT_RET
0100d760 LOFWAIT                          ffda82e0 ROM_RET
0100c0a0 LOOPBACK                         ffda8470 WAIT_BUT
0100c0c0 LOOPDISP                         ffda85e0 DIAG
0100c090 LOOPWAVE                         ffda8810 DIAG_EX
ffc26e50 LSHADDL1                         ffda88e0 GEN_MENU
ffc26e90 LSHADDL2                         ffda8f40 MENU_TOP
ffc26bd0 LSHADST1                         ffda8f80 TOP_BOX
ffc26c10 LSHADST2                         ffda9340 CYAN_BOX
fff5ad50 LSHIN1                           ffda9510 COL_INST
fff5add0 LSHIN2                           ffda9720 DIGSRT
fff5ae50 LSHIN3                           ffda9980 CHK_CMOS
fff5aed0 LSHIN4                           ffda9d30 GET_FAC
fff5af50 LSHIN5                           ffdaa390 WT_ADV
fff5afd0 LSHIN6                           ffdaa5b0 WW_ADV
fff5b050 LSHIN7                           ffdaa650 GET_ADV
fff5b0d0 LSHIN8                           ffdaa700 CK_DOOR
ffcbd940 LTWRDPT                          ffdaa7b0 B_MENU
ffda4a90 L_MESS                           ffdac820 ST_STICK
ffd9e2c0 L_TIMER                          ffdac8e0 GETSTICK
ffc00970 MAINLP                           ffdacee0 FORM_SWS
0101b260 MAIN_RET                         ffdadeb0 F_TITLE
ffcde4f0 MAKEFLAM                         ffdadfe0 G_BORDER
ffc3f490 MAKFBOBJ                         ffdae1a0 DOBORDER
ffc22830 MAKOBJZ                          ffdae5a0 STD_BORD
fff72220 MAKOBJ                           ffdae7c0 BLNKHELP
ffc12d20 MAKSHAD                          ffdae910 H_SLAVE
ffc1eca0 MAKTPROC                         ffdaefd0 AREUSURE
ffc04130 MASTERDP                         ffdaf530 SUR_MESS
ffc041e0 MASTERG                          ffdaf650 SURE_BOX
ffcb9f10 MAX                              ffdb1710 GET_CSPT
ffc1ebe0 MAXIMUM                          ffdb17d0 CS_POINT
ffe84f58 MAXMSG                           ffdb1920 CKPROMPT
ffe58620 MBGETEM                          ffdb2190 GO_DIAG
ffec4ac0 MBIGBLIP                         ffdb21f0 CASHBUT
0100d7d0 MBIGCNT                          ffdb3ff0 FAC_STUF
ffca4120 MBIGCOLD                         ffdb5d80 BUILD_ST
ffcb3fb0 MBIGCRM1                         ffdb7ee0 ANY_BUT
ffe58660 MBKILLEM                         ffdb8df0 HID_P
ffe585e0 MBLAUGH                          ffdbaa10 STR_OBJ
ffe586e0 MBNTRY                           ffdbb7e0 STR_FREE
ffe586a0 MBYOUDIE                         ffdbb9b0 GO_ADJ
ffca5860 MB_MOVE                          ffdbeba0 DO_ADJH
ffda8f40 MENU_TOP                         ffdc05d0 HEADDSP
ffe67f60 MEN_MAIN                         ffdc0890 REDDSP
ffe69700 MEN_YN                           ffdc16b0 BLUEDSP
ffe6bf40 MESS_FAC                         ffdc2340 SILVDSP
ffe6a8c0 MESS_MM                          ffdc2e80 GOLDDSP
ffd1d350 MINECOLD                         ffdc3260 BIGOBAK
ffcb9f50 MIN                              ffdc3400 DOGRBAK
ffc1ec40 MINIMUM                          ffdc35a0 BUGRBAK
ffc19ff0 MOVEINPX                         ffdc3740 CLWRBAK
ffc1a270 MOVEINPY                         ffdc38e0 SUBBAK
ffcc3a10 MSUCLEAR                         ffdc3a80 DMPRBAK
ffe5a210 MUSICFUL                         ffdc3c20 GRNHSBAK
ffe5a260 MUSICNRM                         ffdc3dc0 LABBAK
ffe5a3d0 MUSICOFF                         ffdc3f60 SILVBAK
ffc21f70 MUSICSYN                         ffdc4100 REDBAK
ffe5a410 MUSITOFF                         ffdc42a0 BLUEBAK
ffc1a0f0 MVAWAYPX                         ffdc4440 GOLDBAK
ffc143c0 MYOINITB                         ffdc45e0 HEADBAK
ffc142c0 MYOINITF                         ffdc4c80 HEADNAME
ffc14160 MYOINIT                          ffdcce50 SILVMOD
ffd073f0 MkNuke                           ffdcd6b0 FORSILV
ffcb4730 MovePlyr                         ffdd08d0 HEADMOD
ffe84698 NARCMSG                          ffdd0930 FORHEAD
ffe23390 NARCS                            ffde19b0 PRCDSP
ffe38750 NARCsupr                         ffde1b90 PRCSLP
ffd5caa0 NARQUEE                          ffde1bb0 PRCLSP
ffcb8770 NEARPLYR                         ffde1d30 SUCIDE
ffcba490 NEAR_BTY                         ffde1e50 PINIT
ffcb7e60 NEAR_BUL                         ffde1ff0 KILL
ffcba4c0 NEAR_OBJ                         ffde21f0 GETPRC
ffc38c90 NEWBGND                          ffde23a0 XFERPROC
fff61350 NEWCAN                           ffde24a0 KILALL
ffd1eed0 NEXAIR                           ffde2670 EXISTP
ffd1f520 NEXINIT                          ffde27a0 GETA11
ffd1ef10 NEXPLODE                         ffde2820 GETA10
ffc8b850 NHYPO                            ffde28b0 GETA9
01000330 NOAUTOE                          ffde2940 GETA8
ffe84c88 NOBONMSG                         ffde2a40 PUTA11
ffe59270 NOBONSND                         ffde2a90 PUTA10
ffe845a0 NOONEMSG                         ffde2af0 PUTA9
ffc166e0 NOYFLP                           ffde2b50 PUTA8
0101b290 NO_CLEAR                         ffde2c30 CLRSNDDB
ffd9f050 NO_CREDS                         ffde2d10 ONESND
0100bdb0 NPLYRS                           ffde2d70 SNDLD
0101afa0 NRAMEND                          ffde3040 SNDPRC
ffc01910 NRAMINIT                         ffde34d0 SNDSND
0100bcf0 NRAMSTRT                         ffde36d0 SNDRES
ffd1f8d0 NUCLEXP                          ffde3810 SNDRESP
01000040 OBJLST                           ffde3b30 CKSNDPRI
ffc11cf0 OBJOFF                           ffde3c50 QSNDRST
ffc11d90 OBJON                            ffde3dd0 etext
01019560 OBJSTAKE                         ffe00000 .data
01019540 OBJSTAKP                         ffe08ce0 bigbull
0101ae60 OBJSTAKS                         ffe0a6e0 BASEskl
01056620 OBJSTR                           ffe0a760 HED3hat
ffeefc10 OFFICE1BMOD                      ffe0a9e0 BOOM5a
ffc12d60 OFLASH                           ffe0aa60 BOOM5b
01000060 OFREE                            ffe0aae0 BOOM5c
ffd73c30 OIDATA                           ffe0ab60 BOOM6
fff70390 OINIT                            ffe0abe0 stump
ffc3b3e0 OLDBGND                          ffe0ac60 stumpskl
ffde2d10 ONESND                           ffe0bf60 skull4
ffcba6f0 ON_SLIST                         ffe0c4e0 jaw4
ffe59730 OPENBEEP                         ffe12860 CFSHRAPA
ffe59550 OPENSD1                          ffe13a50 CFSHRAPB
ffe59590 OPENSD2                          ffe15fb0 PORSCHE1
ffe59600 OPENSD3                          ffe23390 NARCS
ffe59660 OPENSD4                          ffe24390 PIMPpal
ffe596c0 OPENSD5                          ffe25000 gangpal
fff5c350 OPENTYPE                         ffe26010 caddy
ffd7edb0 OP_INITS                         ffe27000 JRwalk
ffc20510 OSINK                            ffe27f80 PORSHPAL
ffd61050 OUTBUCKS                         ffe28eb0 HELBLUE
ffd60ca0 OUTBULLS                         ffe29ec0 HELWHT
ffd61190 OUTBUSTS                         ffe2aed0 PILOTPAL
ffd60310 OUTCARDS                         ffe2bb40 DUMPPAL
ffc17ff0 OUTDOOR                          ffe2cb00 loafer
ffd60f10 OUTDRUGS                         ffe2d9a0 CHINAPAL
ffd5f220 OUTENRGY                         ffe2e650 ARMDRPAL
ffd5fc10 OUTMBIGS                         ffe2f300 HWINPAL
ffd620b0 OUTNEXTR                         ffe30220 COLMNPAL
ffd60dd0 OUTROCKS                         ffe30340 clown
ffd5dd60 OUTSCR                           ffe312c0 hookpal
0101b330 OVERLOAD                         ffe32240 dexp1a
ffc27210 OWINDOW                          ffe33c50 mrbigpal
ffcb5120 OidToDat                         ffe34c50 dog
ffe58280 P1BHIT                           ffe35b90 brnbug
ffec2f80 P1BLIP                           ffe36590 redbug
ffc42e00 P1BULL                           ffe36f90 grnbug
ffc42f80 P1CARBUL                         ffe37990 blkbug
ffe8e810 P1CHIT                           ffe38390 gang4
0100bd80 P1CTRL                           ffe38480 mbig4
0100b530 P1DATA                           ffe384d0 loaf4
ffd42560 P1DETH                           ffe38520 hypo4
ffe8e6a0 P1DIE                            ffe38570 dump4
ffd42460 P1HYPHIT                         ffe385c0 rambo4
ffd17fc0 P1IJDECL                         ffe38610 clown4
ffd36bd0 P1INITTL                         ffe386b0 fbitxt4
fff62050 P1LIFE                           ffe38700 badge4
ffd34a20 P1LLINIT                         ffe38750 NARCsupr
ffe89c70 P1MAINTL                         ffe387a0 warntxtp
ffd62f40 P1MESSAG                         ffe38ba0 blulof
ffe8e620 P1SHAKE                          ffe39bb0 grelof
ffd5c9e0 P1SSAREA                         ffe3abc0 fnklof
ffd7eaf0 P1_INITS                         ffe3bbd0 pnklof
ffd991c0 P1_SPRAY                         ffe3cbe0 goldesca
ffec3190 P2BLIP                           ffe3d8f0 itdrfr
ffc42ec0 P2BULL                           ffe3da10 phns
ffc43040 P2CARBUL                         ffe3ea20 can
0100bd90 P2CTRL                           ffe3f7f0 newbom
0100b910 P2DATA                           ffe40760 bonbadge
ffd42650 P2DETH                           ffe41680 bluenc
ffd424e0 P2HYPHIT                         ffe42690 redman
ffd18030 P2IJDECL                         ffe436a0 black1
ffd36e50 P2INITT                          ffe446b0 doggry
fff620d0 P2LIFE                           ffe456c0 blackd
ffd34b50 P2LLINIT                         ffe466d0 WEEDPAL
ffd62f80 P2MESSAG                         ffe476e0 ram1
ffd5ca40 P2SSAREA                         ffe485f0 basepal
ffd7ec50 P2_INITS                         ffe49530 headpal
ffd99358 P2_SPRAY                         ffe4a540 headxpal
01007d30 PALRAM                           ffe4b500 skelpal
ffd4d270 PALSET                           ffe4c510 BLUELAB
ffd4cd60 PALTRANS                         ffe4d510 REDLAB
ffedbea0 PAWNBMOD                         ffe4e520 GREENLAB
ffd4fd70 PBOMBP1                          ffe4f530 labweel
ffd4fde0 PBOMBP2                          ffe50450 lab12
ffe59800 PBONSND                          ffe51370 lbrass1
ffe590a0 PCALLOFF                         ffe52290 greensaf
ffe59060 PCBRAKSD                         ffe532a0 blusafe
0100bd40 PCBSNDF                          ffe542b0 goldsafe
ffe58580 PCDMPSND                         ffe552c0 redsafe
ffd1bf90 PCDRIVRC                         ffe571f0 tileb
0100d8b0 PCHOPCNT                         ffe58200 SND3A
ffc26fb0 PCONTST                          ffe58240 SND3B
0100bd50 PCRSNDF                          ffe58280 P1BHIT
0100bd60 PCSPINH                          ffe582c0 HHITSND
ffe59020 PCSPINSD                         ffe58300 HHITEND
0100bd30 PCZEROCT                         ffe58340 SND4
0100bd70 PCZEROY                          ffe58380 RLNCHSND
ffc25e70 PDELETE                          ffe583c0 EBSND
ffd1c5e0 PDRIVXWW                         ffe58400 DINGDUMP
ffc257f0 PFLASH2                          ffe58440 DINGPSTR
ffc246b0 PFLYNDIE                         ffe58480 DINGCANR
ffc156d0 PFRAME                           ffe584c0 CANSMSND
ffd61be0 PICKMESS                         ffe58500 CANWPSND
ffc259b0 PIJDECEL                         ffe58540 CANBCSND
ffe2aed0 PILOTPAL                         ffe58580 PCDMPSND
ffec5200 PIMPBLIP                         ffe585e0 MBLAUGH
0100d790 PIMPCNT                          ffe58620 MBGETEM
ffc626b0 PIMPCOLD                         ffe58660 MBKILLEM
ffc70b60 PIMPCRM1                         ffe586a0 MBYOUDIE
ffe24390 PIMPpal                          ffe586e0 MBNTRY
ffde1e50 PINIT                            ffe58720 SHYPOSND
ffedc440 PINKYBMOD                        ffe58760 BNCESND
ffedbbd0 PIPELINEBMOD                     ffe587a0 HELLBUGS
[...]
ffd5ce70 UPSTAT                           fff59850 DING45A
ffcba370 UpdShadV                         fff598d0 DING45B
ffd9ca00 VAL_TAB                          fff59950 DING90A
ffedbf30 VOIDBMOD                         fff599d0 DING90B
ffccc760 VSCAN                            fff59a50 DOPE1
ffda8470 WAIT_BUT                         fff59ad0 DOPE2
ffda6c00 WAIT_MUT                         fff59b50 DOPE3
ffedbcf0 WALKUPBMOD                       fff59bd0 GETDOPE
ffedc170 WARE1BMOD                        fff59c50 DOPEICON
ffedc3b0 WARE2BMOD                        fff59cd0 BUSTICON
ffc00370 WARMSET                          fff59d50 BUSTED
fff1a0d0 WARMgr3a                         fff59dd0 POTICON
fff19340 WARMgr3b                         fff59e50 LANDMINE
ffc068b0 WAVBONUS                         fff59ed0 FLHD1A
ffd5c7b0 WAVENUM                          fff59f50 FLHD1B
ffc32b30 WAVEEND                          fff59fd0 FLHD1C
0100bdc0 WAVE                             fff5a050 FLHD2A
ffe59160 WAVESND                          fff5a0d0 FLHD2B
0100c110 WAVETIME                         fff5a150 FLHD2C
ffe8ec80 WAVE1DSP                         fff5a1d0 FLTLA
ffea0270 WAVEBGND                         fff5a250 FLTLB
ffe8e980 WAVEDPTB                         fff5a2d0 FLTLC
ffc319b0 WAVEINIT                         fff5a350 BGDF1C
ffe84fe8 WAVEMSG                          fff5a3d0 BGDF2C
ffe9df10 WAVETAB                          fff5a450 BGDF3C
ffe9ff70 WAVMUSIC                         fff5a4d0 BGDF4C
ffd9d650 WC_BYTEI                         fff5a550 LLEG1
ffd9d2d0 WC_BYTE                          fff5a5d0 LLEG2
ffd9d7b0 WC_LONG                          fff5a650 LLEG3
ffd9d870 WC_LONGI                         fff5a6d0 LLEG4
ffd9d6a0 WC_WORD                          fff5a750 LLEG5
ffd9d760 WC_WORDI                         fff5a7d0 LLEG6
ffd1e530 WEEDCOLD                         fff5a850 LLEG7
ffc57f10 WEEDCOLL                         fff5a8d0 LLEG8
fff5d7d0 WEED                             fff5a950 L4ARM1
ffe466d0 WEEDPAL                          fff5a9d0 L4ARM2
ffc1c160 WEND3                            fff5aa50 L4ARM3
ffc1b830 WENDIE                           fff5aad0 L4ARM4
ffc1c920 WEXPD                            fff5ab50 L4ARM5
ffc1a5b0 WHICHSID                         fff5abd0 L4ARM6
ffc36990 WHIPTHRU                         fff5ac50 L4ARM7
ffd0be80 WHLSTR                           fff5acd0 L4ARM8
ffc02f10 WIPEOUT                          fff5ad50 LSHIN1
ffe84728 WMSMSG                           fff5add0 LSHIN2
010564c0 WORLDTL                          fff5ae50 LSHIN3
01056480 WORLDTLX                         fff5aed0 LSHIN4
010564a0 WORLDTLY                         fff5af50 LSHIN5
010178d0 WRAMEND                          fff5afd0 LSHIN6
ffc01a30 WRAMINIT                         fff5b050 LSHIN7
0100c110 WRAMSTRT                         fff5b0d0 LSHIN8
ffc1c2f0 WROCK                            fff5b150 LCREOSOTE
ffdaa390 WT_ADV                           fff5b1d0 BGDTHF1
ffdaa5b0 WW_ADV                           fff5b250 BGDTHF2
ffe84d60 X1KMSG                           fff5b2d0 BGDTHF3
ffe84e20 X25KMSG                          fff5b350 BGDTHF4
ffe84da0 X2KMSG                           fff5b3d0 BGDTHF5
ffe84de0 X5KMSG                           fff5b450 BGDTHF6
ffd9f2c0 XCOIN                            fff5b4d0 BGDTHF7
ffc223b0 XCOLOR                           fff5b550 BGDTHF8
ffde23a0 XFERPROC                         fff5b5d0 BGDTHF9
ffc221c0 XPALETTE                         fff5b650 BGDTHF10
0100d410 XSCROLLS                         fff5b6d0 BGDTHF11
ffcba220 XTOZSIZE                         fff5b750 BGDTHF12
ffd57e80 XVEL2X                           fff5b7d0 BGDTHF13
ffc11e40 XZCHK                            fff5b850 BGDTHF14
ffd6f900 XZCNTCK                          fff5b8d0 BGDTHF15
ffd88c50 X_PL_SA3                         fff5b950 LGOAT1
ffe5a450 YAMOFF                           fff5b9d0 LGOAT2
ffe589e0 YBUSTSND                         fff5ba50 LGOAT3
ffc16660 YFLP                             fff5bad0 LGOAT4
ffe58a20 YSCUMSND                         fff5bb50 LGOAT5
fff6fb90 YZSORT                           fff5bbd0 LGOAT6
01000270 Y_CORR                           fff5bc50 LGOAT7
ffcb4b90 ZCHEK                            fff5bcd0 LGOAT8
ffd71820 ZCHK                             fff5bd50 LGOAT9
ffcb7c10 ZOFF                             fff5bdd0 LGOAT10
fff0e7e0 atapes                           fff5be50 GOLDcard
ffe38700 badge4                           fff5bed0 BLUEcard
ffd064b0 baseflsh                         fff5bf50 REDcard
ffe485f0 basepal                          fff5bfd0 SILVcard
fff092d0 bgp1                             fff5c050 GREENcard
ffe08ce0 bigbull                          fff5c0d0 GOLDTYPE
fff20bd0 bigport2                         fff5c150 BLUETYPE
ffe436a0 black1                           fff5c1d0 REDTYPE
ffe456c0 blackd                           fff5c250 SILVTYPE
fff42750 blegs5a                          fff5c2d0 cardslot2
ffe37990 blkbug                           fff5c350 OPENTYPE
fff5f350 blood1                           fff5c3d0 safedrl
fff5f3d0 blood2                           fff5c450 safedrr
fff5f450 blood3a                          fff5c4d0 safedrlr
fff43670 bltor4d                          fff5c550 safedrrr
fff281b0 blucrm1                          fff5c5d0 safedrlb
ffe41680 bluenc                           fff5c650 safedrrb
ffe38ba0 blulof                           fff5c6d0 safedrlg
ffe532a0 blusafe                          fff5c750 safedrrg
ffefb070 bmanBMOD                         fff5c7d0 ARROWDN
ffe40760 bonbadge                         fff5c850 BIGDOOR1
fff0a1f0 bp1                              fff5c8d0 BIGDOOR2
ffe35b90 brnbug                           fff5c950 BIGDOOR3
fff49010 budsgn                           fff5c9d0 safdrlgr
fff476a0 bud                              fff5ca50 safdrrgr
0100d660 bugmax                           fff5cad0 goldbr1
ffe26010 caddy                            fff5cb50 goldbr2
ffe3ea20 can                              fff5cbd0 GRNTYPE
fff5c2d0 cardslot2                        fff5cc50 INSTYPE
fff0f480 checks1                          fff5ccd0 SMblucrd
fff49d90 clopal                           fff5cd50 SMgldcrd
ffe38610 clown4                           fff5cdd0 SMredcrd
ffe30340 clown                            fff5ce50 SMsilvcrd
ffc172b0 clr_scrn                         fff5ced0 SMgrncrd
fff103a0 crash                            fff5cf50 SEWERCAP
fff34d50 crtblk                           fff5cfd0 COLUMN1
ffef6790 dashBMOD                         fff5d050 COLUMNB
fff2eb40 dbrass1                          fff5d0d0 CHINADR1
ffe32240 dexp1a                           fff5d150 CHINADR2
ffe34c50 dog                              fff5d1d0 CHINADR3
ffe446b0 doggry                           fff5d250 ARMDR1
fff60150 dstk0                            fff5d2d0 ARMDR2
fff601d0 dstk30                           fff5d350 ARMDR3
fff60250 dstk60                           fff5d3d0 GARAGE1
fff602d0 dstk90                           fff5d450 HOTWIN1
ffe38570 dump4                            fff5d4d0 EXITSIGN
ffc96fc0 dynamite                         fff5d550 K2x5IMG
fff57750 edata                            fff5d5d0 K10IMG
010e0850 end                              fff5d650 K1IMG
fff1da20 escalate                         fff5d6d0 K5IMG
ffde3dd0 etext                            fff5d750 K25IMG
ffe386b0 fbitxt4                          fff5d7d0 WEED
fff62350 flail1                           fff5d850 CASHMACH
fff623d0 flail2                           fff5d8d0 CWRECK
fff62450 flail3                           fff5d950 CSHRAPA1
fff624d0 flail4                           fff5d9d0 CSHRAPA2
fff4ac00 fl                               fff5da50 CSHRAPA3
fff36d70 flt                              fff5dad0 CSHRAPA4
ffe3abc0 fnklof                           fff5db50 CSHRAPA5
ffe38390 gang4                            fff5dbd0 CSHRAPB1
0100d540 gangbmax                         fff5dc50 CSHRAPB2
0100d570 gangfrck                         fff5dcd0 CSHRAPB3
0100d560 gangmgun                         fff5dd50 CSHRAPB4
ffe25000 gangpal                          fff5ddd0 CSHRAPB5
0100d550 gangrock                         fff5de50 CSHRAPC1
fff07500 gbp1                             fff5ded0 CSHRAPC2
fff5cad0 goldbr1                          fff5df50 CSHRAPC3
fff5cb50 goldbr2                          fff5dfd0 CSHRAPC4
ffe3cbe0 goldesca                         fff5e050 CSHRAPC5
ffe542b0 goldsafe                         fff5e0d0 CSHRAPD1
fff06850 gp2                              fff5e150 CSHRAPD2
fff290d0 gray5a                           fff5e1d0 CSHRAPD3
fff25520 gray5c                           fff5e250 CSHRAPD4
fff2f920 gray5d                           fff5e2d0 CSHRAPD5
fff2db50 gray5                            fff5e350 CSHRAPE1
ffe52290 greensaf                         fff5e3d0 CSHRAPE2
ffe39bb0 grelof                           fff5e450 CSHRAPE3
ffe36f90 grnbug                           fff5e4d0 CSHRAPE4
fff2cc30 grngray1                         fff5e550 CSHRAPE5
fff0bfb0 grnp1                            fff5e5d0 CFRAG1
fff0d8c0 grntan                           fff5e650 CFRAG2
fff509f0 grymix1                          fff5e6d0 CFRAG3
fff33d90 hand40                           fff5e750 CFRAG4
ffef6820 handBMOD                         fff5e7d0 CFRAG5
ffe49530 headpal                          fff5e850 CSHRAP1
ffe4a540 headxpal                         fff5e8d0 CSHRAP2
fff60050 hiro10                           fff5e950 CSHRAP3
fff600d0 hiro11                           fff5e9d0 CSHRAP4
fff5fa50 hiro1                            fff5ea50 CSHRAP5
fff5f950 hiro10air                        fff5ead0 CDOOR1
fff5f9d0 hiro11air                        fff5eb50 CDOOR2
fff5fad0 hiro2                            fff5ebd0 CDOOR3
fff5fb50 hiro3                            fff5ec50 CDOOR4
fff5fbd0 hiro4                            fff5ecd0 CDOOR5
fff5fc50 hiro5                            fff5ed50 CSHELLL
fff5fcd0 hiro6                            fff5edd0 CSHELLR
fff5f8d0 hiro9air                         fff5ee50 HYPOB0
fff5ffd0 hiro9                            fff5eed0 HYPOB02
fff60c50 hkdie1                           fff5ef50 HYPOB03
fff60cd0 hkdie2                           fff5efd0 HYPOB30
fff60d50 hkdie3                           fff5f050 HYPOB60
fff60dd0 hkdie4                           fff5f0d0 HYPOB90
fff60e50 hkdie5                           fff5f150 HYPOT0
fff60ed0 hkdie6                           fff5f1d0 HYPOT30
fff609d0 hkfgt4                           fff5f250 HYPOT60
fff60a50 hkfgt5                           fff5f2d0 HYPOT90
fff60ad0 hkfgt6                           fff5f350 blood1
fff60b50 hkfgt7                           fff5f3d0 blood2
fff60bd0 hkfgt8                           fff5f450 blood3a
fff14e70 hole1                            fff5f4d0 nb2a
fff60950 hook4                            fff5f550 nb3a
ffe312c0 hookpal                          fff5f5d0 nb4
fff13100 hotel                            fff5f650 nb1
fff4dc90 hrgr1                            fff5f6d0 nb5
ffe38520 hypo4                            fff5f750 nb6
0100d5a0 hypobrain                        fff5f7d0 nb7
0100d590 hypodrug                         fff5f850 nb8
0100d5b0 hypofire                         fff5f8d0 hiro9air
0100d580 hypomax                          fff5f950 hiro10air
0100d5c0 hyposfir                         fff5f9d0 hiro11air
ffe3d8f0 itdrfr                           fff5fa50 hiro1
ffe0c4e0 jaw4                             fff5fad0 hiro2
ffd02b60 jawbite                          fff5fb50 hiro3
ffd02de0 jawbitef                         fff5fbd0 hiro4
fff61ed0 jlsw4                            fff5fc50 hiro5
fff621d0 jrhelpas                         fff5fcd0 hiro6
fff622d0 jrhelphit                        fff5fd50 nb1grnd
fff62250 jrpilohit                        fff5fdd0 nb5grnd
fff62150 jrpilot                          fff5fe50 nb6grnd
fff61850 jtdrive1                         fff5fed0 nb7grnd
fff618d0 jtdrive2                         fff5ff50 nb8grnd
fff61950 jtdrive3                         fff5ffd0 hiro9
fff619d0 jtdrive4                         fff60050 hiro10
fff61a50 jtdrive5                         fff600d0 hiro11
fff61ad0 jtpassen1                        fff60150 dstk0
fff61b50 jtpassen2                        fff601d0 dstk30
fff61bd0 jtpassen3                        fff60250 dstk60
fff61c50 jtpassen4                        fff602d0 dstk90
fff61cd0 jtpassen5                        fff60350 spk0a
fff61e50 jtsstdrst                        fff603d0 spk30a
fff32e70 k3                               fff60450 spk60a
fff53840 lab11                            fff604d0 spk90a
ffe50450 lab12                            fff60550 spk0b
fff4fad0 lab145                           fff605d0 spk30b
fff4ebb0 lab22                            fff60650 spk60b
ffe4f530 labweel                          fff606d0 spk90b
ffe51370 lbrass1                          fff60750 spk0c
ffef68b0 ledsBMOD                         fff607d0 spk30c
fff2a0c0 lgray1                           fff60850 spk60c
ffe384d0 loaf4                            fff608d0 spk90c
ffe2cb00 loafer                           fff60950 hook4
fff4bc10 ltrnd                            fff609d0 hkfgt4
ffef6940 mainBMOD                         fff60a50 hkfgt5
ffe38480 mbig4                            fff60ad0 hkfgt6
fff62550 mbigblp1a                        fff60b50 hkfgt7
0100d670 mbigbrain                        fff60bd0 hkfgt8
0100d680 mbigfire                         fff60c50 hkdie1
fff1baf0 metal1                           fff60cd0 hkdie2
ffe33c50 mrbigpal                         fff60d50 hkdie3
fff34cb0 msuPALS                          fff60dd0 hkdie4
fff5f650 nb1                              fff60e50 hkdie5
fff5fd50 nb1grnd                          fff60ed0 hkdie6
fff5f4d0 nb2a                             fff60f50 DRUM
fff5f550 nb3a                             fff60fd0 SUBCOLM1
fff5f5d0 nb4                              fff61050 SUBCOLM2
fff5f6d0 nb5                              fff610d0 SUBCOLM3
fff5fdd0 nb5grnd                          fff61150 SUBCOLM4
fff5fe50 nb6grnd                          fff611d0 SUBCOLM5
fff5f750 nb6                              fff61250 SUBCOLM6
fff5f7d0 nb7                              fff612d0 TELEPHON
fff5fed0 nb7grnd                          fff61350 NEWCAN
fff5ff50 nb8grnd                          fff613d0 BENCHL
fff5f850 nb8                              fff61450 BENCHM
ffe3f7f0 newbom                           fff614d0 BENCHR
fff52830 newfl                            fff61550 ADDISON
fff1cb00 newkr2                           fff615d0 TRNDR1
fff41740 newred1                          fff61650 BULLET
fff40730 newred2                          fff616d0 BULLETE
fff3f720 newred3                          fff61750 BULLET45
fff121e0 pawnpur                          fff617d0 SFLAME
ffe3da10 phns                             fff61850 jtdrive1
0100d5f0 pimpbrain                        fff618d0 jtdrive2
0100d5e0 pimpbuck                         fff61950 jtdrive3
0100d620 pimpfbal                         fff619d0 jtdrive4
0100d5d0 pimpmax                          fff61a50 jtdrive5
0100d600 pimpthr1                         fff61ad0 jtpassen1
0100d610 pimpthr2                         fff61b50 jtpassen2
fff15210 pipe4                            fff61bd0 jtpassen3
ffe3bbd0 pnklof                           fff61c50 jtpassen4
fff2bf80 pnkrock1                         fff61cd0 jtpassen5
ffefb100 porsBMOD                         fff61d50 ytdrive1
ffe476e0 ram1                             fff61dd0 ytpassen1
0100d640 rambbrain                        fff61e50 jtsstdrst
0100d650 rambdrug                         fff61ed0 jlsw4
0100d630 rambmax                          fff61f50 ytsstdrst
ffe385c0 rambo4                           fff61fd0 ylsw4
fff112c0 rat                              fff62050 P1LIFE
fff08420 rdp2                             fff620d0 P2LIFE
fff0ca10 rdpalx                           fff62150 jrpilot
fff45680 rdrf                             fff621d0 jrhelpas
fff14020 realrd2                          fff62250 jrpilohit
fff3e710 redarm                           fff622d0 jrhelphit
ffe36590 redbug                           fff62350 flail1
ffe42690 redman                           fff623d0 flail2
ffe552c0 redsafe                          fff62450 flail3
ffefafe0 rmanBMOD                         fff624d0 flail4
fff5c9d0 safdrlgr                         fff62550 mbigblp1a
fff5ca50 safdrrgr                         fff6f000 STOPOBJS
fff5c5d0 safedrlb                         fff6f120 SHADST2
fff5c4d0 safedrlr                         fff6f1a0 SHADST
fff5c3d0 safedrl                          fff6f380 SHADUPD
fff5c6d0 safedrlg                         fff6f410 SHADUPD2
fff5c650 safedrrb                         fff6f4a0 SHADCPY
fff5c750 safedrrg                         fff6f5b0 SHADCPY2
fff5c550 safedrrr                         fff6fb90 YZSORT
fff5c450 safedrr                          fff6fdf0 SCRTSTG
fff170a0 sdr                              fff6fe20 SCRTST
fff38660 sgn2                             fff70040 CLIPOBJ
fff39670 sgns                             fff70390 OINIT
ffe4b500 skelpal                          fff709d0 GETOBJ
ffe0bf60 skull4                           fff70bb0 FREESOBJ
fff60350 spk0a                            fff70c40 FREEOBJE
fff60550 spk0b                            fff710d0 FREEOBJ
fff60750 spk0c                            fff71180 INSB2OBJ
fff603d0 spk30a                           fff711e0 INSBOBJ
fff605d0 spk30b                           fff71240 INSSOBJ
fff607d0 spk30c                           fff712c0 INSOBJ
fff60450 spk60a                           fff71460 DELB2OBJ
fff60650 spk60b                           fff714c0 DELBOBJ
fff60850 spk60c                           fff71520 DELSHAD
fff604d0 spk90a                           fff71600 DELSOBJ
fff606d0 spk90b                           fff71680 DELOBJ
fff608d0 spk90c                           fff719e0 PULLB2OBJ
fff171c0 spls                             fff71a40 PULLBOBJ
ffe0ac60 stumpskl                         fff71aa0 PULLSOBJ
ffe0abe0 stump                            fff71b20 PULLOBJ
fff3a590 subpls                           fff71d80 KILB2OBJ
fff3b5a0 subtl                            fff71de0 KILBOBJ
fff0b090 tan                              fff71e40 KILOBJ
ffe571f0 tileb                            fff71ff0 EXISTOBJ
fff22bf0 tileg                            fff72220 MAKOBJ
fff21be0 tileh                            fff722c0 ADJSTWTL
fff3c5b0 top                              fff72410 ADJNEWTL
fff37680 tpl                              fff724e0 GSCRNREL
fff35d60 trnnew                           fff725e0 SCRNRELV
fff455a0 tscrPALS                         fff72730 GANISAG
fff32d10 voice                            fff728e0 STFOBJ
fff2b070 warm3x                           fff72ca0 GSAGOF
fff272a0 warmwin3                         fff72f20 ANI2
ffe387a0 warntxtp                         fff72f60 ANI
fff4cc20 win                              fff73470 GETANIXY
fff46690 win1                             fff735a0 GANIOF
fff48380 winlv                            fff744c0 DISPQT
fff26510 wrmgray3                         fff745f0 DISPLAY
fff61fd0 ylsw4                            fff75800 DMAINT
fff61d50 ytdrive1                         fff75f40 DISPH
fff61dd0 ytpassen1                        fff76260 QDMA
fff61f50 ytsstdrst                        fff76420 QDMAN

[1953 symbols]
